2025-10-11 23:00:08,033 - EduRAG - INFO - MySQL 连接成功
2025-10-11 23:00:08,034 - EduRAG - INFO - Redis 连接成功
2025-10-11 23:00:08,044 - EduRAG - INFO - 成功获取问题
2025-10-11 23:00:08,045 - EduRAG - INFO - 开始预处理文本
2025-10-11 23:00:08,595 - EduRAG - INFO - 开始预处理文本
2025-10-11 23:00:08,595 - EduRAG - INFO - 开始预处理文本
2025-10-11 23:00:08,595 - EduRAG - INFO - 开始预处理文本
2025-10-11 23:00:08,595 - EduRAG - INFO - 开始预处理文本
2025-10-11 23:00:08,596 - EduRAG - INFO - 开始预处理文本
2025-10-11 23:00:08,596 - EduRAG - INFO - 开始预处理文本
2025-10-11 23:00:08,596 - EduRAG - INFO - 开始预处理文本
2025-10-11 23:00:08,596 - EduRAG - INFO - 开始预处理文本
2025-10-11 23:00:08,596 - EduRAG - INFO - 开始预处理文本
2025-10-11 23:00:08,596 - EduRAG - INFO - 开始预处理文本
2025-10-11 23:00:08,597 - EduRAG - INFO - 开始预处理文本
2025-10-11 23:00:08,597 - EduRAG - INFO - 开始预处理文本
2025-10-11 23:00:08,597 - EduRAG - INFO - 开始预处理文本
2025-10-11 23:00:08,597 - EduRAG - INFO - 开始预处理文本
2025-10-11 23:00:08,597 - EduRAG - INFO - 开始预处理文本
2025-10-11 23:00:08,597 - EduRAG - INFO - 开始预处理文本
2025-10-11 23:00:08,598 - EduRAG - INFO - 开始预处理文本
2025-10-11 23:00:08,598 - EduRAG - INFO - 开始预处理文本
2025-10-11 23:00:08,598 - EduRAG - INFO - 开始预处理文本
2025-10-11 23:00:08,598 - EduRAG - INFO - 开始预处理文本
2025-10-11 23:00:08,598 - EduRAG - INFO - 开始预处理文本
2025-10-11 23:00:08,598 - EduRAG - INFO - 开始预处理文本
2025-10-11 23:00:08,598 - EduRAG - INFO - 开始预处理文本
2025-10-11 23:00:08,598 - EduRAG - INFO - 开始预处理文本
2025-10-11 23:00:08,598 - EduRAG - INFO - 开始预处理文本
2025-10-11 23:00:08,599 - EduRAG - INFO - 开始预处理文本
2025-10-11 23:00:08,599 - EduRAG - INFO - 开始预处理文本
2025-10-11 23:00:08,599 - EduRAG - INFO - 开始预处理文本
2025-10-11 23:00:08,599 - EduRAG - INFO - 开始预处理文本
2025-10-11 23:00:08,599 - EduRAG - INFO - 开始预处理文本
2025-10-11 23:00:08,599 - EduRAG - INFO - 开始预处理文本
2025-10-11 23:00:08,599 - EduRAG - INFO - 开始预处理文本
2025-10-11 23:00:08,599 - EduRAG - INFO - 开始预处理文本
2025-10-11 23:00:08,599 - EduRAG - INFO - 开始预处理文本
2025-10-11 23:00:08,599 - EduRAG - INFO - 开始预处理文本
2025-10-11 23:00:08,600 - EduRAG - INFO - 开始预处理文本
2025-10-11 23:00:08,600 - EduRAG - INFO - 开始预处理文本
2025-10-11 23:00:08,600 - EduRAG - INFO - 开始预处理文本
2025-10-11 23:00:08,600 - EduRAG - INFO - 开始预处理文本
2025-10-11 23:00:08,600 - EduRAG - INFO - 开始预处理文本
2025-10-11 23:00:08,600 - EduRAG - INFO - 开始预处理文本
2025-10-11 23:00:08,600 - EduRAG - INFO - 开始预处理文本
2025-10-11 23:00:08,600 - EduRAG - INFO - 开始预处理文本
2025-10-11 23:00:08,600 - EduRAG - INFO - 开始预处理文本
2025-10-11 23:00:08,601 - EduRAG - INFO - 开始预处理文本
2025-10-11 23:00:08,601 - EduRAG - INFO - 开始预处理文本
2025-10-11 23:00:08,601 - EduRAG - INFO - 开始预处理文本
2025-10-11 23:00:08,601 - EduRAG - INFO - 开始预处理文本
2025-10-11 23:00:08,601 - EduRAG - INFO - 开始预处理文本
2025-10-11 23:00:08,601 - EduRAG - INFO - 开始预处理文本
2025-10-11 23:00:08,601 - EduRAG - INFO - 开始预处理文本
2025-10-11 23:00:08,601 - EduRAG - INFO - 开始预处理文本
2025-10-11 23:00:08,601 - EduRAG - INFO - 开始预处理文本
2025-10-11 23:00:08,601 - EduRAG - INFO - 开始预处理文本
2025-10-11 23:00:08,602 - EduRAG - INFO - 开始预处理文本
2025-10-11 23:00:08,602 - EduRAG - INFO - 开始预处理文本
2025-10-11 23:00:08,602 - EduRAG - INFO - 开始预处理文本
2025-10-11 23:00:08,602 - EduRAG - INFO - 开始预处理文本
2025-10-11 23:00:08,602 - EduRAG - INFO - 开始预处理文本
2025-10-11 23:00:08,602 - EduRAG - INFO - 开始预处理文本
2025-10-11 23:00:08,602 - EduRAG - INFO - 开始预处理文本
2025-10-11 23:00:08,602 - EduRAG - INFO - 开始预处理文本
2025-10-11 23:00:08,602 - EduRAG - INFO - 开始预处理文本
2025-10-11 23:00:08,602 - EduRAG - INFO - 开始预处理文本
2025-10-11 23:00:08,602 - EduRAG - INFO - 开始预处理文本
2025-10-11 23:00:08,603 - EduRAG - INFO - 开始预处理文本
2025-10-11 23:00:08,603 - EduRAG - INFO - 开始预处理文本
2025-10-11 23:00:08,603 - EduRAG - INFO - 开始预处理文本
2025-10-11 23:00:08,603 - EduRAG - INFO - 开始预处理文本
2025-10-11 23:00:08,603 - EduRAG - INFO - 开始预处理文本
2025-10-11 23:00:08,603 - EduRAG - INFO - 开始预处理文本
2025-10-11 23:00:08,603 - EduRAG - INFO - 开始预处理文本
2025-10-11 23:00:08,603 - EduRAG - INFO - 开始预处理文本
2025-10-11 23:00:08,603 - EduRAG - INFO - 开始预处理文本
2025-10-11 23:00:08,603 - EduRAG - INFO - 开始预处理文本
2025-10-11 23:00:08,603 - EduRAG - INFO - 开始预处理文本
2025-10-11 23:00:08,604 - EduRAG - INFO - 开始预处理文本
2025-10-11 23:00:08,604 - EduRAG - INFO - 开始预处理文本
2025-10-11 23:00:08,604 - EduRAG - INFO - 开始预处理文本
2025-10-11 23:00:08,604 - EduRAG - INFO - 开始预处理文本
2025-10-11 23:00:08,604 - EduRAG - INFO - 开始预处理文本
2025-10-11 23:00:08,604 - EduRAG - INFO - 开始预处理文本
2025-10-11 23:00:08,604 - EduRAG - INFO - 开始预处理文本
2025-10-11 23:00:08,604 - EduRAG - INFO - 开始预处理文本
2025-10-11 23:00:08,604 - EduRAG - INFO - 开始预处理文本
2025-10-11 23:00:08,604 - EduRAG - INFO - 开始预处理文本
2025-10-11 23:00:08,604 - EduRAG - INFO - 开始预处理文本
2025-10-11 23:00:08,605 - EduRAG - INFO - 开始预处理文本
2025-10-11 23:00:08,605 - EduRAG - INFO - 开始预处理文本
2025-10-11 23:00:08,605 - EduRAG - INFO - 开始预处理文本
2025-10-11 23:00:08,605 - EduRAG - INFO - 开始预处理文本
2025-10-11 23:00:08,605 - EduRAG - INFO - 开始预处理文本
2025-10-11 23:00:08,605 - EduRAG - INFO - 开始预处理文本
2025-10-11 23:00:08,605 - EduRAG - INFO - 开始预处理文本
2025-10-11 23:00:08,605 - EduRAG - INFO - 开始预处理文本
2025-10-11 23:00:08,605 - EduRAG - INFO - 开始预处理文本
2025-10-11 23:00:08,605 - EduRAG - INFO - 开始预处理文本
2025-10-11 23:00:08,605 - EduRAG - INFO - 开始预处理文本
2025-10-11 23:00:08,606 - EduRAG - INFO - 开始预处理文本
2025-10-11 23:00:08,606 - EduRAG - INFO - 开始预处理文本
2025-10-11 23:00:08,606 - EduRAG - INFO - 开始预处理文本
2025-10-11 23:00:08,606 - EduRAG - INFO - 开始预处理文本
2025-10-11 23:00:08,606 - EduRAG - INFO - 开始预处理文本
2025-10-11 23:00:08,606 - EduRAG - INFO - 开始预处理文本
2025-10-11 23:00:08,606 - EduRAG - INFO - 开始预处理文本
2025-10-11 23:00:08,606 - EduRAG - INFO - 开始预处理文本
2025-10-11 23:00:08,606 - EduRAG - INFO - 开始预处理文本
2025-10-11 23:00:08,606 - EduRAG - INFO - 开始预处理文本
2025-10-11 23:00:08,606 - EduRAG - INFO - 开始预处理文本
2025-10-11 23:00:08,607 - EduRAG - INFO - 开始预处理文本
2025-10-11 23:00:08,607 - EduRAG - INFO - 开始预处理文本
2025-10-11 23:00:08,607 - EduRAG - INFO - 开始预处理文本
2025-10-11 23:00:08,607 - EduRAG - INFO - 开始预处理文本
2025-10-11 23:00:08,607 - EduRAG - INFO - 开始预处理文本
2025-10-11 23:00:08,607 - EduRAG - INFO - 开始预处理文本
2025-10-11 23:00:08,607 - EduRAG - INFO - 开始预处理文本
2025-10-11 23:00:08,607 - EduRAG - INFO - 开始预处理文本
2025-10-11 23:00:08,607 - EduRAG - INFO - 开始预处理文本
2025-10-11 23:00:08,607 - EduRAG - INFO - 开始预处理文本
2025-10-11 23:00:08,607 - EduRAG - INFO - 开始预处理文本
2025-10-11 23:00:08,607 - EduRAG - INFO - 开始预处理文本
2025-10-11 23:00:08,607 - EduRAG - INFO - 开始预处理文本
2025-10-11 23:00:08,608 - EduRAG - INFO - 开始预处理文本
2025-10-11 23:00:08,608 - EduRAG - INFO - 开始预处理文本
2025-10-11 23:00:08,608 - EduRAG - INFO - 开始预处理文本
2025-10-11 23:00:08,608 - EduRAG - INFO - 开始预处理文本
2025-10-11 23:00:08,608 - EduRAG - INFO - 开始预处理文本
2025-10-11 23:00:08,608 - EduRAG - INFO - 开始预处理文本
2025-10-11 23:00:08,608 - EduRAG - INFO - 开始预处理文本
2025-10-11 23:00:08,608 - EduRAG - INFO - 开始预处理文本
2025-10-11 23:00:08,609 - EduRAG - INFO - 开始预处理文本
2025-10-11 23:00:08,609 - EduRAG - INFO - 开始预处理文本
2025-10-11 23:00:08,609 - EduRAG - INFO - 开始预处理文本
2025-10-11 23:00:08,609 - EduRAG - INFO - 开始预处理文本
2025-10-11 23:00:08,609 - EduRAG - INFO - 开始预处理文本
2025-10-11 23:00:08,609 - EduRAG - INFO - 开始预处理文本
2025-10-11 23:00:08,609 - EduRAG - INFO - 开始预处理文本
2025-10-11 23:00:08,609 - EduRAG - INFO - 开始预处理文本
2025-10-11 23:00:08,609 - EduRAG - INFO - 开始预处理文本
2025-10-11 23:00:08,609 - EduRAG - INFO - 开始预处理文本
2025-10-11 23:00:08,610 - EduRAG - INFO - 开始预处理文本
2025-10-11 23:00:08,610 - EduRAG - INFO - 开始预处理文本
2025-10-11 23:00:08,610 - EduRAG - INFO - 开始预处理文本
2025-10-11 23:00:08,610 - EduRAG - INFO - 开始预处理文本
2025-10-11 23:00:08,610 - EduRAG - INFO - 开始预处理文本
2025-10-11 23:00:08,610 - EduRAG - INFO - 开始预处理文本
2025-10-11 23:00:08,610 - EduRAG - INFO - 开始预处理文本
2025-10-11 23:00:08,610 - EduRAG - INFO - 开始预处理文本
2025-10-11 23:00:08,610 - EduRAG - INFO - 开始预处理文本
2025-10-11 23:00:08,611 - EduRAG - INFO - 开始预处理文本
2025-10-11 23:00:08,611 - EduRAG - INFO - 开始预处理文本
2025-10-11 23:00:08,611 - EduRAG - INFO - 开始预处理文本
2025-10-11 23:00:08,611 - EduRAG - INFO - 开始预处理文本
2025-10-11 23:00:08,611 - EduRAG - INFO - 开始预处理文本
2025-10-11 23:00:08,611 - EduRAG - INFO - 开始预处理文本
2025-10-11 23:00:08,611 - EduRAG - INFO - 开始预处理文本
2025-10-11 23:00:08,611 - EduRAG - INFO - 开始预处理文本
2025-10-11 23:00:08,611 - EduRAG - INFO - 开始预处理文本
2025-10-11 23:00:08,611 - EduRAG - INFO - 开始预处理文本
2025-10-11 23:00:08,611 - EduRAG - INFO - 开始预处理文本
2025-10-11 23:00:08,611 - EduRAG - INFO - 开始预处理文本
2025-10-11 23:00:08,611 - EduRAG - INFO - 开始预处理文本
2025-10-11 23:00:08,612 - EduRAG - INFO - 开始预处理文本
2025-10-11 23:00:08,612 - EduRAG - INFO - 开始预处理文本
2025-10-11 23:00:08,612 - EduRAG - INFO - 开始预处理文本
2025-10-11 23:00:08,612 - EduRAG - INFO - 开始预处理文本
2025-10-11 23:00:08,612 - EduRAG - INFO - 开始预处理文本
2025-10-11 23:00:08,612 - EduRAG - INFO - 开始预处理文本
2025-10-11 23:00:08,612 - EduRAG - INFO - 开始预处理文本
2025-10-11 23:00:08,612 - EduRAG - INFO - 开始预处理文本
2025-10-11 23:00:08,612 - EduRAG - INFO - 开始预处理文本
2025-10-11 23:00:08,612 - EduRAG - INFO - 开始预处理文本
2025-10-11 23:00:08,613 - EduRAG - INFO - 开始预处理文本
2025-10-11 23:00:08,613 - EduRAG - INFO - 开始预处理文本
2025-10-11 23:00:08,613 - EduRAG - INFO - 开始预处理文本
2025-10-11 23:00:08,613 - EduRAG - INFO - 开始预处理文本
2025-10-11 23:00:08,613 - EduRAG - INFO - 开始预处理文本
2025-10-11 23:00:08,613 - EduRAG - INFO - 开始预处理文本
2025-10-11 23:00:08,613 - EduRAG - INFO - 开始预处理文本
2025-10-11 23:00:08,613 - EduRAG - INFO - 开始预处理文本
2025-10-11 23:00:08,613 - EduRAG - INFO - 开始预处理文本
2025-10-11 23:00:08,613 - EduRAG - INFO - 开始预处理文本
2025-10-11 23:00:08,613 - EduRAG - INFO - 开始预处理文本
2025-10-11 23:00:08,614 - EduRAG - INFO - 开始预处理文本
2025-10-11 23:00:08,614 - EduRAG - INFO - 开始预处理文本
2025-10-11 23:00:08,614 - EduRAG - INFO - 开始预处理文本
2025-10-11 23:00:08,614 - EduRAG - INFO - 开始预处理文本
2025-10-11 23:00:08,614 - EduRAG - INFO - 开始预处理文本
2025-10-11 23:00:08,614 - EduRAG - INFO - 开始预处理文本
2025-10-11 23:00:08,614 - EduRAG - INFO - 开始预处理文本
2025-10-11 23:00:08,614 - EduRAG - INFO - 开始预处理文本
2025-10-11 23:00:08,615 - EduRAG - INFO - 开始预处理文本
2025-10-11 23:00:08,615 - EduRAG - INFO - 开始预处理文本
2025-10-11 23:00:08,615 - EduRAG - INFO - 开始预处理文本
2025-10-11 23:00:08,615 - EduRAG - INFO - 开始预处理文本
2025-10-11 23:00:08,615 - EduRAG - INFO - 开始预处理文本
2025-10-11 23:00:08,615 - EduRAG - INFO - 开始预处理文本
2025-10-11 23:00:08,615 - EduRAG - INFO - 开始预处理文本
2025-10-11 23:00:08,615 - EduRAG - INFO - 开始预处理文本
2025-10-11 23:00:08,615 - EduRAG - INFO - 开始预处理文本
2025-10-11 23:00:08,615 - EduRAG - INFO - 开始预处理文本
2025-10-11 23:00:08,615 - EduRAG - INFO - 开始预处理文本
2025-10-11 23:00:08,616 - EduRAG - INFO - 开始预处理文本
2025-10-11 23:00:08,616 - EduRAG - INFO - 开始预处理文本
2025-10-11 23:00:08,616 - EduRAG - INFO - 开始预处理文本
2025-10-11 23:00:08,616 - EduRAG - INFO - 开始预处理文本
2025-10-11 23:00:08,616 - EduRAG - INFO - 开始预处理文本
2025-10-11 23:00:08,616 - EduRAG - INFO - 开始预处理文本
2025-10-11 23:00:08,616 - EduRAG - INFO - 开始预处理文本
2025-10-11 23:00:08,616 - EduRAG - INFO - 开始预处理文本
2025-10-11 23:00:08,616 - EduRAG - INFO - 开始预处理文本
2025-10-11 23:00:08,616 - EduRAG - INFO - 开始预处理文本
2025-10-11 23:00:08,616 - EduRAG - INFO - 开始预处理文本
2025-10-11 23:00:08,617 - EduRAG - INFO - 开始预处理文本
2025-10-11 23:00:08,617 - EduRAG - INFO - 开始预处理文本
2025-10-11 23:00:08,617 - EduRAG - INFO - 开始预处理文本
2025-10-11 23:00:08,617 - EduRAG - INFO - 开始预处理文本
2025-10-11 23:00:08,617 - EduRAG - INFO - 开始预处理文本
2025-10-11 23:00:08,617 - EduRAG - INFO - 开始预处理文本
2025-10-11 23:00:08,617 - EduRAG - INFO - 开始预处理文本
2025-10-11 23:00:08,617 - EduRAG - INFO - 开始预处理文本
2025-10-11 23:00:08,617 - EduRAG - INFO - 开始预处理文本
2025-10-11 23:00:08,617 - EduRAG - INFO - 开始预处理文本
2025-10-11 23:00:08,617 - EduRAG - INFO - 开始预处理文本
2025-10-11 23:00:08,618 - EduRAG - INFO - 开始预处理文本
2025-10-11 23:00:08,618 - EduRAG - INFO - 开始预处理文本
2025-10-11 23:00:08,618 - EduRAG - INFO - 开始预处理文本
2025-10-11 23:00:08,618 - EduRAG - INFO - 开始预处理文本
2025-10-11 23:00:08,618 - EduRAG - INFO - 开始预处理文本
2025-10-11 23:00:08,618 - EduRAG - INFO - 开始预处理文本
2025-10-11 23:00:08,618 - EduRAG - INFO - 开始预处理文本
2025-10-11 23:00:08,618 - EduRAG - INFO - 开始预处理文本
2025-10-11 23:00:08,618 - EduRAG - INFO - 开始预处理文本
2025-10-11 23:00:08,618 - EduRAG - INFO - 开始预处理文本
2025-10-11 23:00:08,618 - EduRAG - INFO - 开始预处理文本
2025-10-11 23:00:08,618 - EduRAG - INFO - 开始预处理文本
2025-10-11 23:00:08,619 - EduRAG - INFO - 开始预处理文本
2025-10-11 23:00:08,619 - EduRAG - INFO - 开始预处理文本
2025-10-11 23:00:08,619 - EduRAG - INFO - 开始预处理文本
2025-10-11 23:00:08,619 - EduRAG - INFO - 开始预处理文本
2025-10-11 23:00:08,619 - EduRAG - INFO - 开始预处理文本
2025-10-11 23:00:08,619 - EduRAG - INFO - 开始预处理文本
2025-10-11 23:00:08,619 - EduRAG - INFO - 开始预处理文本
2025-10-11 23:00:08,619 - EduRAG - INFO - 开始预处理文本
2025-10-11 23:00:08,619 - EduRAG - INFO - 开始预处理文本
2025-10-11 23:00:08,619 - EduRAG - INFO - 开始预处理文本
2025-10-11 23:00:08,619 - EduRAG - INFO - 开始预处理文本
2025-10-11 23:00:08,620 - EduRAG - INFO - 开始预处理文本
2025-10-11 23:00:08,620 - EduRAG - INFO - 开始预处理文本
2025-10-11 23:00:08,620 - EduRAG - INFO - 开始预处理文本
2025-10-11 23:00:08,620 - EduRAG - INFO - 开始预处理文本
2025-10-11 23:00:08,620 - EduRAG - INFO - 开始预处理文本
2025-10-11 23:00:08,620 - EduRAG - INFO - 开始预处理文本
2025-10-11 23:00:08,620 - EduRAG - INFO - 开始预处理文本
2025-10-11 23:00:08,620 - EduRAG - INFO - 开始预处理文本
2025-10-11 23:00:08,620 - EduRAG - INFO - 开始预处理文本
2025-10-11 23:00:08,620 - EduRAG - INFO - 开始预处理文本
2025-10-11 23:00:08,620 - EduRAG - INFO - 开始预处理文本
2025-10-11 23:00:08,620 - EduRAG - INFO - 开始预处理文本
2025-10-11 23:00:08,620 - EduRAG - INFO - 开始预处理文本
2025-10-11 23:00:08,621 - EduRAG - INFO - 开始预处理文本
2025-10-11 23:00:08,621 - EduRAG - INFO - 开始预处理文本
2025-10-11 23:00:08,621 - EduRAG - INFO - 开始预处理文本
2025-10-11 23:00:08,621 - EduRAG - INFO - 开始预处理文本
2025-10-11 23:00:08,621 - EduRAG - INFO - 开始预处理文本
2025-10-11 23:00:08,621 - EduRAG - INFO - 开始预处理文本
2025-10-11 23:00:08,621 - EduRAG - INFO - 开始预处理文本
2025-10-11 23:00:08,621 - EduRAG - INFO - 开始预处理文本
2025-10-11 23:00:08,621 - EduRAG - INFO - 开始预处理文本
2025-10-11 23:00:08,621 - EduRAG - INFO - 开始预处理文本
2025-10-11 23:00:08,622 - EduRAG - INFO - 开始预处理文本
2025-10-11 23:00:08,622 - EduRAG - INFO - 开始预处理文本
2025-10-11 23:00:08,622 - EduRAG - INFO - 开始预处理文本
2025-10-11 23:00:08,622 - EduRAG - INFO - 开始预处理文本
2025-10-11 23:00:08,622 - EduRAG - INFO - 开始预处理文本
2025-10-11 23:00:08,622 - EduRAG - INFO - 开始预处理文本
2025-10-11 23:00:08,622 - EduRAG - INFO - 开始预处理文本
2025-10-11 23:00:08,622 - EduRAG - INFO - 开始预处理文本
2025-10-11 23:00:08,622 - EduRAG - INFO - 开始预处理文本
2025-10-11 23:00:08,622 - EduRAG - INFO - 开始预处理文本
2025-10-11 23:00:08,622 - EduRAG - INFO - 开始预处理文本
2025-10-11 23:00:08,623 - EduRAG - INFO - 开始预处理文本
2025-10-11 23:00:08,623 - EduRAG - INFO - 开始预处理文本
2025-10-11 23:00:08,623 - EduRAG - INFO - 开始预处理文本
2025-10-11 23:00:08,623 - EduRAG - INFO - 开始预处理文本
2025-10-11 23:00:08,623 - EduRAG - INFO - 开始预处理文本
2025-10-11 23:00:08,623 - EduRAG - INFO - 开始预处理文本
2025-10-11 23:00:08,623 - EduRAG - INFO - 开始预处理文本
2025-10-11 23:00:08,623 - EduRAG - INFO - 开始预处理文本
2025-10-11 23:00:08,623 - EduRAG - INFO - 开始预处理文本
2025-10-11 23:00:08,624 - EduRAG - INFO - 开始预处理文本
2025-10-11 23:00:08,624 - EduRAG - INFO - 开始预处理文本
2025-10-11 23:00:08,624 - EduRAG - INFO - 开始预处理文本
2025-10-11 23:00:08,624 - EduRAG - INFO - 开始预处理文本
2025-10-11 23:00:08,624 - EduRAG - INFO - 开始预处理文本
2025-10-11 23:00:08,624 - EduRAG - INFO - 开始预处理文本
2025-10-11 23:00:08,624 - EduRAG - INFO - 开始预处理文本
2025-10-11 23:00:08,624 - EduRAG - INFO - 开始预处理文本
2025-10-11 23:00:08,625 - EduRAG - INFO - 开始预处理文本
2025-10-11 23:00:08,625 - EduRAG - INFO - 开始预处理文本
2025-10-11 23:00:08,625 - EduRAG - INFO - 开始预处理文本
2025-10-11 23:00:08,625 - EduRAG - INFO - 开始预处理文本
2025-10-11 23:00:08,625 - EduRAG - INFO - 开始预处理文本
2025-10-11 23:00:08,625 - EduRAG - INFO - 开始预处理文本
2025-10-11 23:00:08,625 - EduRAG - INFO - 开始预处理文本
2025-10-11 23:00:08,625 - EduRAG - INFO - 开始预处理文本
2025-10-11 23:00:08,625 - EduRAG - INFO - 开始预处理文本
2025-10-11 23:00:08,625 - EduRAG - INFO - 开始预处理文本
2025-10-11 23:00:08,626 - EduRAG - INFO - 开始预处理文本
2025-10-11 23:00:08,626 - EduRAG - INFO - 开始预处理文本
2025-10-11 23:00:08,626 - EduRAG - INFO - 开始预处理文本
2025-10-11 23:00:08,626 - EduRAG - INFO - 开始预处理文本
2025-10-11 23:00:08,626 - EduRAG - INFO - 开始预处理文本
2025-10-11 23:00:08,626 - EduRAG - INFO - 开始预处理文本
2025-10-11 23:00:08,626 - EduRAG - INFO - 开始预处理文本
2025-10-11 23:00:08,626 - EduRAG - INFO - 开始预处理文本
2025-10-11 23:00:08,626 - EduRAG - INFO - 开始预处理文本
2025-10-11 23:00:08,627 - EduRAG - INFO - 开始预处理文本
2025-10-11 23:00:08,627 - EduRAG - INFO - 开始预处理文本
2025-10-11 23:00:08,627 - EduRAG - INFO - 开始预处理文本
2025-10-11 23:00:08,627 - EduRAG - INFO - 开始预处理文本
2025-10-11 23:00:08,627 - EduRAG - INFO - 开始预处理文本
2025-10-11 23:00:08,627 - EduRAG - INFO - 开始预处理文本
2025-10-11 23:00:08,627 - EduRAG - INFO - 开始预处理文本
2025-10-11 23:00:08,627 - EduRAG - INFO - 开始预处理文本
2025-10-11 23:00:08,627 - EduRAG - INFO - 开始预处理文本
2025-10-11 23:00:08,628 - EduRAG - INFO - 开始预处理文本
2025-10-11 23:00:08,628 - EduRAG - INFO - 开始预处理文本
2025-10-11 23:00:08,628 - EduRAG - INFO - 开始预处理文本
2025-10-11 23:00:08,628 - EduRAG - INFO - 开始预处理文本
2025-10-11 23:00:08,628 - EduRAG - INFO - 开始预处理文本
2025-10-11 23:00:08,628 - EduRAG - INFO - 开始预处理文本
2025-10-11 23:00:08,628 - EduRAG - INFO - 开始预处理文本
2025-10-11 23:00:08,629 - EduRAG - INFO - 开始预处理文本
2025-10-11 23:00:08,629 - EduRAG - INFO - 开始预处理文本
2025-10-11 23:00:08,629 - EduRAG - INFO - 开始预处理文本
2025-10-11 23:00:08,629 - EduRAG - INFO - 开始预处理文本
2025-10-11 23:00:08,629 - EduRAG - INFO - 开始预处理文本
2025-10-11 23:00:08,629 - EduRAG - INFO - 开始预处理文本
2025-10-11 23:00:08,629 - EduRAG - INFO - 开始预处理文本
2025-10-11 23:00:08,630 - EduRAG - INFO - 开始预处理文本
2025-10-11 23:00:08,630 - EduRAG - INFO - 开始预处理文本
2025-10-11 23:00:08,630 - EduRAG - INFO - 开始预处理文本
2025-10-11 23:00:08,630 - EduRAG - INFO - 开始预处理文本
2025-10-11 23:00:08,630 - EduRAG - INFO - 开始预处理文本
2025-10-11 23:00:08,630 - EduRAG - INFO - 开始预处理文本
2025-10-11 23:00:08,630 - EduRAG - INFO - 开始预处理文本
2025-10-11 23:00:08,630 - EduRAG - INFO - 开始预处理文本
2025-10-11 23:00:08,631 - EduRAG - INFO - 开始预处理文本
2025-10-11 23:00:08,631 - EduRAG - INFO - 开始预处理文本
2025-10-11 23:00:08,631 - EduRAG - INFO - 开始预处理文本
2025-10-11 23:00:08,631 - EduRAG - INFO - 开始预处理文本
2025-10-11 23:00:08,631 - EduRAG - INFO - 开始预处理文本
2025-10-11 23:00:08,631 - EduRAG - INFO - 开始预处理文本
2025-10-11 23:00:08,631 - EduRAG - INFO - 开始预处理文本
2025-10-11 23:00:08,631 - EduRAG - INFO - 开始预处理文本
2025-10-11 23:00:08,631 - EduRAG - INFO - 开始预处理文本
2025-10-11 23:00:08,631 - EduRAG - INFO - 开始预处理文本
2025-10-11 23:00:08,631 - EduRAG - INFO - 开始预处理文本
2025-10-11 23:00:08,632 - EduRAG - INFO - 开始预处理文本
2025-10-11 23:00:08,632 - EduRAG - INFO - 开始预处理文本
2025-10-11 23:00:08,632 - EduRAG - INFO - 开始预处理文本
2025-10-11 23:00:08,632 - EduRAG - INFO - 开始预处理文本
2025-10-11 23:00:08,632 - EduRAG - INFO - 开始预处理文本
2025-10-11 23:00:08,632 - EduRAG - INFO - 开始预处理文本
2025-10-11 23:00:08,632 - EduRAG - INFO - 开始预处理文本
2025-10-11 23:00:08,632 - EduRAG - INFO - 开始预处理文本
2025-10-11 23:00:08,632 - EduRAG - INFO - 开始预处理文本
2025-10-11 23:00:08,632 - EduRAG - INFO - 开始预处理文本
2025-10-11 23:00:08,632 - EduRAG - INFO - 开始预处理文本
2025-10-11 23:00:08,633 - EduRAG - INFO - 开始预处理文本
2025-10-11 23:00:08,633 - EduRAG - INFO - 开始预处理文本
2025-10-11 23:00:08,633 - EduRAG - INFO - 开始预处理文本
2025-10-11 23:00:08,633 - EduRAG - INFO - 开始预处理文本
2025-10-11 23:00:08,633 - EduRAG - INFO - 开始预处理文本
2025-10-11 23:00:08,633 - EduRAG - INFO - 开始预处理文本
2025-10-11 23:00:08,633 - EduRAG - INFO - 开始预处理文本
2025-10-11 23:00:08,633 - EduRAG - INFO - 开始预处理文本
2025-10-11 23:00:08,633 - EduRAG - INFO - 开始预处理文本
2025-10-11 23:00:08,633 - EduRAG - INFO - 开始预处理文本
2025-10-11 23:00:08,633 - EduRAG - INFO - 开始预处理文本
2025-10-11 23:00:08,633 - EduRAG - INFO - 开始预处理文本
2025-10-11 23:00:08,634 - EduRAG - INFO - 开始预处理文本
2025-10-11 23:00:08,634 - EduRAG - INFO - 开始预处理文本
2025-10-11 23:00:08,634 - EduRAG - INFO - 开始预处理文本
2025-10-11 23:00:08,634 - EduRAG - INFO - 开始预处理文本
2025-10-11 23:00:08,634 - EduRAG - INFO - 开始预处理文本
2025-10-11 23:00:08,634 - EduRAG - INFO - 开始预处理文本
2025-10-11 23:00:08,634 - EduRAG - INFO - 开始预处理文本
2025-10-11 23:00:08,634 - EduRAG - INFO - 开始预处理文本
2025-10-11 23:00:08,634 - EduRAG - INFO - 开始预处理文本
2025-10-11 23:00:08,634 - EduRAG - INFO - 开始预处理文本
2025-10-11 23:00:08,634 - EduRAG - INFO - 开始预处理文本
2025-10-11 23:00:08,634 - EduRAG - INFO - 开始预处理文本
2025-10-11 23:00:08,635 - EduRAG - INFO - 开始预处理文本
2025-10-11 23:00:08,635 - EduRAG - INFO - 开始预处理文本
2025-10-11 23:00:08,635 - EduRAG - INFO - 开始预处理文本
2025-10-11 23:00:08,635 - EduRAG - INFO - 开始预处理文本
2025-10-11 23:00:08,635 - EduRAG - INFO - 开始预处理文本
2025-10-11 23:00:08,635 - EduRAG - INFO - 开始预处理文本
2025-10-11 23:00:08,635 - EduRAG - INFO - 开始预处理文本
2025-10-11 23:00:08,635 - EduRAG - INFO - 开始预处理文本
2025-10-11 23:00:08,635 - EduRAG - INFO - 开始预处理文本
2025-10-11 23:00:08,635 - EduRAG - INFO - 开始预处理文本
2025-10-11 23:00:08,635 - EduRAG - INFO - 开始预处理文本
2025-10-11 23:00:08,636 - EduRAG - INFO - 开始预处理文本
2025-10-11 23:00:08,636 - EduRAG - INFO - 开始预处理文本
2025-10-11 23:00:08,636 - EduRAG - INFO - 开始预处理文本
2025-10-11 23:00:08,636 - EduRAG - INFO - 开始预处理文本
2025-10-11 23:00:08,636 - EduRAG - INFO - 开始预处理文本
2025-10-11 23:00:08,636 - EduRAG - INFO - 开始预处理文本
2025-10-11 23:00:08,636 - EduRAG - INFO - 开始预处理文本
2025-10-11 23:00:08,636 - EduRAG - INFO - 开始预处理文本
2025-10-11 23:00:08,636 - EduRAG - INFO - 开始预处理文本
2025-10-11 23:00:08,636 - EduRAG - INFO - 开始预处理文本
2025-10-11 23:00:08,636 - EduRAG - INFO - 开始预处理文本
2025-10-11 23:00:08,637 - EduRAG - INFO - 开始预处理文本
2025-10-11 23:00:08,637 - EduRAG - INFO - 开始预处理文本
2025-10-11 23:00:08,637 - EduRAG - INFO - 开始预处理文本
2025-10-11 23:00:08,637 - EduRAG - INFO - 开始预处理文本
2025-10-11 23:00:08,637 - EduRAG - INFO - 开始预处理文本
2025-10-11 23:00:08,637 - EduRAG - INFO - 开始预处理文本
2025-10-11 23:00:08,637 - EduRAG - INFO - 开始预处理文本
2025-10-11 23:00:08,637 - EduRAG - INFO - 开始预处理文本
2025-10-11 23:00:08,637 - EduRAG - INFO - 开始预处理文本
2025-10-11 23:00:08,637 - EduRAG - INFO - 开始预处理文本
2025-10-11 23:00:08,637 - EduRAG - INFO - 开始预处理文本
2025-10-11 23:00:08,638 - EduRAG - INFO - 开始预处理文本
2025-10-11 23:00:08,638 - EduRAG - INFO - 开始预处理文本
2025-10-11 23:00:08,638 - EduRAG - INFO - 开始预处理文本
2025-10-11 23:00:08,638 - EduRAG - INFO - 开始预处理文本
2025-10-11 23:00:08,638 - EduRAG - INFO - 开始预处理文本
2025-10-11 23:00:08,638 - EduRAG - INFO - 开始预处理文本
2025-10-11 23:00:08,638 - EduRAG - INFO - 开始预处理文本
2025-10-11 23:00:08,638 - EduRAG - INFO - 开始预处理文本
2025-10-11 23:00:08,638 - EduRAG - INFO - 开始预处理文本
2025-10-11 23:00:08,639 - EduRAG - INFO - 开始预处理文本
2025-10-11 23:00:08,639 - EduRAG - INFO - 开始预处理文本
2025-10-11 23:00:08,639 - EduRAG - INFO - 开始预处理文本
2025-10-11 23:00:08,639 - EduRAG - INFO - 开始预处理文本
2025-10-11 23:00:08,640 - EduRAG - INFO - 开始预处理文本
2025-10-11 23:00:08,640 - EduRAG - INFO - 开始预处理文本
2025-10-11 23:00:08,640 - EduRAG - INFO - 开始预处理文本
2025-10-11 23:00:08,640 - EduRAG - INFO - 开始预处理文本
2025-10-11 23:00:08,640 - EduRAG - INFO - 开始预处理文本
2025-10-11 23:00:08,640 - EduRAG - INFO - 开始预处理文本
2025-10-11 23:00:08,640 - EduRAG - INFO - 开始预处理文本
2025-10-11 23:00:08,640 - EduRAG - INFO - 开始预处理文本
2025-10-11 23:00:08,641 - EduRAG - INFO - 开始预处理文本
2025-10-11 23:00:08,641 - EduRAG - INFO - 开始预处理文本
2025-10-11 23:00:08,641 - EduRAG - INFO - 开始预处理文本
2025-10-11 23:00:08,641 - EduRAG - INFO - 开始预处理文本
2025-10-11 23:00:08,641 - EduRAG - INFO - 开始预处理文本
2025-10-11 23:00:08,641 - EduRAG - INFO - 开始预处理文本
2025-10-11 23:00:08,641 - EduRAG - INFO - 开始预处理文本
2025-10-11 23:00:08,641 - EduRAG - INFO - 开始预处理文本
2025-10-11 23:00:08,641 - EduRAG - INFO - 开始预处理文本
2025-10-11 23:00:08,641 - EduRAG - INFO - 开始预处理文本
2025-10-11 23:00:08,642 - EduRAG - INFO - 开始预处理文本
2025-10-11 23:00:08,642 - EduRAG - INFO - 开始预处理文本
2025-10-11 23:00:08,642 - EduRAG - INFO - 开始预处理文本
2025-10-11 23:00:08,642 - EduRAG - INFO - 开始预处理文本
2025-10-11 23:00:08,642 - EduRAG - INFO - 开始预处理文本
2025-10-11 23:00:08,642 - EduRAG - INFO - 开始预处理文本
2025-10-11 23:00:08,642 - EduRAG - INFO - 开始预处理文本
2025-10-11 23:00:08,642 - EduRAG - INFO - 开始预处理文本
2025-10-11 23:00:08,687 - EduRAG - INFO - 存储数据到 Redis: qa_original_questions
2025-10-11 23:00:08,733 - EduRAG - INFO - 存储数据到 Redis: qa_tokenized_questions
2025-10-11 23:00:08,735 - EduRAG - INFO - BM25 模型初始化完成
2025-10-11 23:00:29,007 - EduRAG - INFO - 处理查询: '磁盘中无法新建文本文档？'
2025-10-11 23:00:29,007 - EduRAG - ERROR - 系统错误: 'BM25Search' object has no attribute 'search'
2025-10-11 23:00:29,007 - EduRAG - INFO - MySQL 连接已关闭
2025-10-11 23:03:06,189 - EduRAG - INFO - MySQL 连接成功
2025-10-11 23:03:06,192 - EduRAG - INFO - Redis 连接成功
2025-10-11 23:03:06,201 - EduRAG - INFO - BM25 模型初始化完成
2025-10-11 23:03:17,909 - EduRAG - INFO - 处理查询: '磁盘中无法新建文本文档'
2025-10-11 23:03:17,909 - EduRAG - INFO - 开始预处理文本
2025-10-11 23:03:18,423 - EduRAG - INFO - 存储数据到 Redis: answer:磁盘中无法新建文本文档
2025-10-11 23:03:18,423 - EduRAG - INFO - 搜索成功，Softamx相似度：1.000
2025-10-11 23:03:18,423 - EduRAG - INFO - MySQL 答案: 1，首先查看是不是磁盘权限问题，2，确认登录的用户有没有创建文本的权限
2025-10-11 23:03:18,423 - EduRAG - INFO - 查询处理耗时 0.51秒
2025-10-12 00:04:12,906 - EduRAG - INFO - MySQL 连接已关闭
2025-10-12 13:11:16,851 - EduRAG - INFO - MySQL 连接成功
2025-10-12 13:11:16,853 - EduRAG - INFO - Redis 连接成功
2025-10-12 13:11:16,863 - EduRAG - INFO - BM25 模型初始化完成
2025-10-12 13:11:56,692 - EduRAG - INFO - 处理查询: '天空为什么是蓝色的？'
2025-10-12 13:11:56,693 - EduRAG - INFO - 开始预处理文本
2025-10-12 13:11:57,115 - EduRAG - INFO - 未找到可靠答案，最高 Softmax 相似度: 0.166
2025-10-12 13:11:57,115 - EduRAG - INFO - SQL中未找到答案, 需要调用RAG系统
2025-10-12 13:11:57,115 - EduRAG - INFO - 查询处理耗时 0.42秒
2025-10-12 13:13:03,948 - EduRAG - INFO - 处理查询: 'mysql在commit之后还能提交吗？'
2025-10-12 13:13:03,949 - EduRAG - INFO - 开始预处理文本
2025-10-12 13:13:03,955 - EduRAG - INFO - 存储数据到 Redis: answer:mysql在commit之后还能提交吗？
2025-10-12 13:13:03,955 - EduRAG - INFO - 搜索成功，Softamx相似度：1.000
2025-10-12 13:13:03,955 - EduRAG - INFO - MySQL 答案: commit是提交事务，rollback是当事务出现错误的时候才会回滚，也就是数据撤回

所以commit完成后，无法通过rollback回滚
2025-10-12 13:13:03,955 - EduRAG - INFO - 查询处理耗时 0.01秒
2025-10-12 13:14:02,827 - EduRAG - INFO - 处理查询: '我昨天一不小心提交了一个mysql语句，现在还可以回滚吗？'
2025-10-12 13:14:02,828 - EduRAG - INFO - 开始预处理文本
2025-10-12 13:14:02,830 - EduRAG - INFO - 存储数据到 Redis: answer:我昨天一不小心提交了一个mysql语句，现在还可以回滚吗？
2025-10-12 13:14:02,830 - EduRAG - INFO - 搜索成功，Softamx相似度：0.864
2025-10-12 13:14:02,830 - EduRAG - INFO - MySQL 答案: commit是提交事务，rollback是当事务出现错误的时候才会回滚，也就是数据撤回

所以commit完成后，无法通过rollback回滚
2025-10-12 13:14:02,830 - EduRAG - INFO - 查询处理耗时 0.00秒
2025-10-12 13:14:12,410 - EduRAG - INFO - MySQL 连接已关闭
2025-10-12 16:11:30,750 - EduRAG - INFO - MySQL 连接成功
2025-10-12 16:11:30,751 - EduRAG - INFO - Redis 连接成功
2025-10-12 16:11:30,767 - EduRAG - INFO - BM25 模型初始化完成
2025-10-12 16:11:54,067 - EduRAG - INFO - 处理查询: '如果我在磁盘上没法新建文件，可能是什么原因？'
2025-10-12 16:11:54,069 - EduRAG - INFO - 开始预处理文本
2025-10-12 16:11:54,624 - EduRAG - INFO - 存储数据到 Redis: answer:如果我在磁盘上没法新建文件，可能是什么原因？
2025-10-12 16:11:54,624 - EduRAG - INFO - 搜索成功，Softamx相似度：0.997
2025-10-12 16:11:54,624 - EduRAG - INFO - MySQL 答案: 1，首先查看是不是磁盘权限问题，2，确认登录的用户有没有创建文本的权限
2025-10-12 16:11:54,624 - EduRAG - INFO - 查询处理耗时 0.56秒
2025-10-12 16:12:15,557 - EduRAG - INFO - 处理查询: '太平洋的面积有多大？'
2025-10-12 16:12:15,558 - EduRAG - INFO - 开始预处理文本
2025-10-12 16:12:15,559 - EduRAG - INFO - 未找到可靠答案，最高 Softmax 相似度: 0.192
2025-10-12 16:12:15,559 - EduRAG - INFO - SQL中未找到答案, 需要调用RAG系统
2025-10-12 16:12:15,559 - EduRAG - INFO - 查询处理耗时 0.00秒
2025-10-12 16:13:16,067 - EduRAG - INFO - MySQL 连接已关闭
2025-10-12 16:13:52,020 - EduRAG - INFO - MySQL 连接成功
2025-10-12 16:13:52,023 - EduRAG - INFO - Redis 连接成功
2025-10-12 16:13:52,040 - EduRAG - INFO - BM25 模型初始化完成
2025-10-12 16:14:04,594 - EduRAG - INFO - 处理查询: '天空为什么是蓝色的？'
2025-10-12 16:14:04,596 - EduRAG - INFO - 开始预处理文本
2025-10-12 16:14:05,283 - EduRAG - INFO - 未找到可靠答案，最高 Softmax 相似度: 0.166
2025-10-12 16:14:05,283 - EduRAG - INFO - SQL中未找到答案, 需要调用RAG系统
2025-10-12 16:14:05,283 - EduRAG - INFO - 查询处理耗时 0.69秒
2025-10-12 16:15:46,238 - EduRAG - INFO - MySQL 连接已关闭
2025-10-12 16:15:55,584 - EduRAG - INFO - MySQL 连接成功
2025-10-12 16:15:55,586 - EduRAG - INFO - Redis 连接成功
2025-10-12 16:15:55,598 - EduRAG - INFO - BM25 模型初始化完成
2025-10-12 16:16:16,576 - EduRAG - INFO - 处理查询: '天空为什么是蓝色的？'
2025-10-12 16:16:16,578 - EduRAG - INFO - 开始预处理文本
2025-10-12 16:16:17,221 - EduRAG - INFO - 未找到可靠答案，最高 Softmax 相似度: 0.166
2025-10-12 16:16:17,221 - EduRAG - INFO - SQL中未找到答案, 需要调用RAG系统
2025-10-12 16:16:17,222 - EduRAG - INFO - 查询处理耗时 0.65秒
2025-10-12 16:16:21,440 - EduRAG - INFO - MySQL 连接已关闭
2025-10-12 16:16:53,902 - EduRAG - INFO - MySQL 连接成功
2025-10-12 16:16:53,904 - EduRAG - INFO - Redis 连接成功
2025-10-12 16:16:53,913 - EduRAG - INFO - BM25 模型初始化完成
2025-10-12 16:17:05,477 - EduRAG - INFO - 处理查询: '天空为什么是蓝色的？'
2025-10-12 16:17:05,478 - EduRAG - INFO - 开始预处理文本
2025-10-12 16:17:06,021 - EduRAG - INFO - 未找到可靠答案，最高 Softmax 相似度: 0.166
2025-10-12 16:17:06,021 - EduRAG - INFO - SQL中未找到答案, 需要调用RAG系统
2025-10-12 16:17:06,021 - EduRAG - INFO - 查询处理耗时 0.54秒
2025-10-12 16:17:36,811 - EduRAG - INFO - MySQL 连接已关闭
2025-10-12 16:17:46,597 - EduRAG - INFO - MySQL 连接成功
2025-10-12 16:17:46,602 - EduRAG - INFO - Redis 连接成功
2025-10-12 16:17:46,621 - EduRAG - INFO - BM25 模型初始化完成
2025-10-12 16:18:23,225 - EduRAG - INFO - 处理查询: '如果要做子查询，最好的顺序？'
2025-10-12 16:18:23,227 - EduRAG - INFO - 开始预处理文本
2025-10-12 16:18:23,829 - EduRAG - INFO - 未找到可靠答案，最高 Softmax 相似度: 0.732
2025-10-12 16:18:23,829 - EduRAG - INFO - SQL中未找到答案, 需要调用RAG系统
2025-10-12 16:18:23,829 - EduRAG - INFO - 查询处理耗时 0.60秒
2025-10-12 16:18:41,241 - EduRAG - INFO - 处理查询: '如果要做子查询，最好的顺序是什么？'
2025-10-12 16:18:41,242 - EduRAG - INFO - 开始预处理文本
2025-10-12 16:19:24,139 - EduRAG - INFO - 存储数据到 Redis: answer:如果要做子查询，最好的顺序是什么？
2025-10-12 16:19:24,139 - EduRAG - INFO - 搜索成功，Softamx相似度：0.992
2025-10-12 16:19:24,139 - EduRAG - INFO - MySQL 答案: sql的编写顺序
    select .. from .. where .. group by ..having .. order by ..
sql的执行顺序
    from .. where .. group by .. having .. select .. order by ..

关联子查询 : 

在关联子查询中，对于外部查询返回的每一行数据，内部查询都要执行一次。另外，在关联子查询中是信息流是双向的。外部查询的每行数据传递一个值给子查询，然后子查询为每一行数据执行一次并返回它的记录。然后，外部查询根据返回的记录做出决策。

select * from dept d where exists(select * from emp e where e.deptno = d.deptno); 

    特点
        1. 先执行外层查询
        2. 再执行内层查询

非关联子查询:

非相关子查询是独立于外部查询的子查询，子查询执行完毕后将值传递给外部查询
    select * from emp where sal = (select max(sal) from emp);
    特点
        1. 先执行内层查询
        2. 再执行外层查询
2025-10-12 16:19:24,139 - EduRAG - INFO - 查询处理耗时 42.90秒
2025-10-12 16:19:52,234 - EduRAG - INFO - 处理查询: '如果要做子查询，最好的顺序是什么？'
2025-10-12 16:19:52,236 - EduRAG - INFO - 从 Redis 获取答案: 如果要做子查询，最好的顺序是什么？
2025-10-12 16:19:52,236 - EduRAG - INFO - MySQL 答案: "sql的编写顺序\n    select .. from .. where .. group by ..having .. order by ..\nsql的执行顺序\n    from .. where .. group by .. having .. select .. order by ..\n\n关联子查询 : \n\n在关联子查询中，对于外部查询返回的每一行数据，内部查询都要执行一次。另外，在关联子查询中是信息流是双向的。外部查询的每行数据传递一个值给子查询，然后子查询为每一行数据执行一次并返回它的记录。然后，外部查询根据返回的记录做出决策。\n\nselect * from dept d where exists(select * from emp e where e.deptno = d.deptno); \n\n    特点\n        1. 先执行外层查询\n        2. 再执行内层查询\n\n非关联子查询:\n\n非相关子查询是独立于外部查询的子查询，子查询执行完毕后将值传递给外部查询\n    select * from emp where sal = (select max(sal) from emp);\n    特点\n        1. 先执行内层查询\n        2. 再执行外层查询"
2025-10-12 16:19:52,236 - EduRAG - INFO - 查询处理耗时 0.00秒
2025-10-12 16:20:53,956 - EduRAG - INFO - 处理查询: '我后来做子查询，更改了执行顺序'
2025-10-12 16:20:53,958 - EduRAG - INFO - 开始预处理文本
2025-10-12 16:26:51,301 - EduRAG - INFO - MySQL 连接已关闭
2025-10-12 19:37:29,470 - EduRAG - INFO - MySQL 连接成功
2025-10-12 19:37:29,473 - EduRAG - INFO - Redis 连接成功
2025-10-12 19:37:29,490 - EduRAG - INFO - BM25 模型初始化完成
2025-10-12 19:37:51,541 - EduRAG - INFO - 处理查询: '神经网络语言模型的原理是什么？'
2025-10-12 19:37:51,542 - EduRAG - INFO - 开始预处理文本
2025-10-12 19:37:52,230 - EduRAG - INFO - 未找到可靠答案，最高 Softmax 相似度: 0.222
2025-10-12 19:37:52,230 - EduRAG - INFO - SQL中未找到答案, 需要调用RAG系统
2025-10-12 19:37:52,230 - EduRAG - INFO - 查询处理耗时 0.69秒
2025-10-12 19:38:06,770 - EduRAG - INFO - 处理查询: '磁盘为什么不允许新建文件？'
2025-10-12 19:38:06,771 - EduRAG - INFO - 开始预处理文本
2025-10-12 19:38:06,774 - EduRAG - INFO - 存储数据到 Redis: answer:磁盘为什么不允许新建文件？
2025-10-12 19:38:06,774 - EduRAG - INFO - 搜索成功，Softamx相似度：0.989
2025-10-12 19:38:06,774 - EduRAG - INFO - MySQL 答案: 1，首先查看是不是磁盘权限问题，2，确认登录的用户有没有创建文本的权限
2025-10-12 19:38:06,774 - EduRAG - INFO - 查询处理耗时 0.00秒
2025-10-12 19:38:24,196 - EduRAG - INFO - 处理查询: '毛泽东的生日是哪一天？'
2025-10-12 19:38:24,198 - EduRAG - INFO - 开始预处理文本
2025-10-12 19:38:24,198 - EduRAG - INFO - 未找到可靠答案，最高 Softmax 相似度: 0.174
2025-10-12 19:38:24,198 - EduRAG - INFO - SQL中未找到答案, 需要调用RAG系统
2025-10-12 19:38:24,199 - EduRAG - INFO - 查询处理耗时 0.00秒
2025-10-12 19:47:09,255 - EduRAG - INFO - MySQL 连接已关闭
