2025-05-23 11:34:38,364 - INFO - 训练参数配置 Training Parameters:
2025-05-23 11:34:38,377 - INFO - {'num_epochs': 2, 'learning_rate': 5e-05, 'device': device(type='cpu'), 'temperature_T': 2.0, 'alpha': 0.7, 'batch_size': 64, 'optimizer': 'AdamW', 'criterion': 'CrossEntropyLoss', 'save_path': 'C:\\Lucky_dt\\2_bj\\TMFCode\\06-model-compression\\bert_distll\\models_save\\bilstm_soft.pth'}
2025-05-23 11:34:38,378 - INFO - 软标签蒸馏训练 Soft Label Distillation Epoch 1/2....
2025-05-23 11:34:44,973 - INFO - 软标签蒸馏验证 Soft Label Distillation Evaluating...
2025-05-23 11:34:45,267 - INFO - Step 10, Epoch 1/2
2025-05-23 11:34:45,268 - INFO - Step Duration: 0.63 seconds
2025-05-23 11:34:45,270 - INFO - Train Loss: 3.6977
2025-05-23 11:34:45,270 - INFO - Dev F1: 0.0179, Dev Accuracy: 0.0978
2025-05-23 11:34:45,271 - INFO - Dev Precision: 0.0098
2025-05-23 11:34:45,271 - INFO - Dev Classification Report:
2025-05-23 11:34:45,272 - INFO - {'finance': {'precision': 0.0, 'recall': 0.0, 'f1-score': 0.0, 'support': 58.0}, 'realty': {'precision': 0.0984251968503937, 'recall': 1.0, 'f1-score': 0.17921146953405018, 'support': 50.0}, 'stocks': {'precision': 0.0, 'recall': 0.0, 'f1-score': 0.0, 'support': 52.0}, 'education': {'precision': 0.0, 'recall': 0.0, 'f1-score': 0.0, 'support': 51.0}, 'science': {'precision': 0.0, 'recall': 0.0, 'f1-score': 0.0, 'support': 48.0}, 'society': {'precision': 0.0, 'recall': 0.0, 'f1-score': 0.0, 'support': 44.0}, 'politics': {'precision': 0.0, 'recall': 0.0, 'f1-score': 0.0, 'support': 61.0}, 'sports': {'precision': 0.0, 'recall': 0.0, 'f1-score': 0.0, 'support': 44.0}, 'game': {'precision': 0.0, 'recall': 0.0, 'f1-score': 0.0, 'support': 48.0}, 'entertainment': {'precision': 0.0, 'recall': 0.0, 'f1-score': 0.0, 'support': 55.0}, 'accuracy': 0.09784735812133072, 'macro avg': {'precision': 0.00984251968503937, 'recall': 0.1, 'f1-score': 0.017921146953405017, 'support': 511.0}, 'weighted avg': {'precision': 0.009630645484382945, 'recall': 0.09784735812133072, 'f1-score': 0.017535368838948157, 'support': 511.0}}
2025-05-23 11:34:51,286 - INFO - 软标签蒸馏验证 Soft Label Distillation Evaluating...
2025-05-23 11:34:51,566 - INFO - Step 20, Epoch 1/2
2025-05-23 11:34:51,567 - INFO - Step Duration: 0.61 seconds
2025-05-23 11:34:51,567 - INFO - Train Loss: 3.7579
2025-05-23 11:34:51,567 - INFO - Dev F1: 0.0569, Dev Accuracy: 0.1155
2025-05-23 11:34:51,568 - INFO - Dev Precision: 0.1014
2025-05-23 11:34:51,568 - INFO - Dev Classification Report:
2025-05-23 11:34:51,568 - INFO - {'finance': {'precision': 0.0, 'recall': 0.0, 'f1-score': 0.0, 'support': 58.0}, 'realty': {'precision': 0.09716599190283401, 'recall': 0.96, 'f1-score': 0.17647058823529413, 'support': 50.0}, 'stocks': {'precision': 0.0, 'recall': 0.0, 'f1-score': 0.0, 'support': 52.0}, 'education': {'precision': 0.0, 'recall': 0.0, 'f1-score': 0.0, 'support': 51.0}, 'science': {'precision': 0.0, 'recall': 0.0, 'f1-score': 0.0, 'support': 48.0}, 'society': {'precision': 0.0, 'recall': 0.0, 'f1-score': 0.0, 'support': 44.0}, 'politics': {'precision': 0.0, 'recall': 0.0, 'f1-score': 0.0, 'support': 61.0}, 'sports': {'precision': 0.9166666666666666, 'recall': 0.25, 'f1-score': 0.39285714285714285, 'support': 44.0}, 'game': {'precision': 0.0, 'recall': 0.0, 'f1-score': 0.0, 'support': 48.0}, 'entertainment': {'precision': 0.0, 'recall': 0.0, 'f1-score': 0.0, 'support': 55.0}, 'accuracy': 0.11545988258317025, 'macro avg': {'precision': 0.10138326585695005, 'recall': 0.121, 'f1-score': 0.056932773109243696, 'support': 511.0}, 'weighted avg': {'precision': 0.08843763782480436, 'recall': 0.11545988258317025, 'f1-score': 0.05109441036688648, 'support': 511.0}}
2025-05-23 11:34:57,374 - INFO - 软标签蒸馏验证 Soft Label Distillation Evaluating...
2025-05-23 11:34:57,645 - INFO - Step 30, Epoch 1/2
2025-05-23 11:34:57,646 - INFO - Step Duration: 0.60 seconds
2025-05-23 11:34:57,646 - INFO - Train Loss: 3.7387
2025-05-23 11:34:57,647 - INFO - Dev F1: 0.0623, Dev Accuracy: 0.1174
2025-05-23 11:34:57,647 - INFO - Dev Precision: 0.0872
2025-05-23 11:34:57,648 - INFO - Dev Classification Report:
2025-05-23 11:34:57,648 - INFO - {'finance': {'precision': 0.0, 'recall': 0.0, 'f1-score': 0.0, 'support': 58.0}, 'realty': {'precision': 0.0944558521560575, 'recall': 0.92, 'f1-score': 0.1713221601489758, 'support': 50.0}, 'stocks': {'precision': 0.0, 'recall': 0.0, 'f1-score': 0.0, 'support': 52.0}, 'education': {'precision': 0.0, 'recall': 0.0, 'f1-score': 0.0, 'support': 51.0}, 'science': {'precision': 0.0, 'recall': 0.0, 'f1-score': 0.0, 'support': 48.0}, 'society': {'precision': 0.0, 'recall': 0.0, 'f1-score': 0.0, 'support': 44.0}, 'politics': {'precision': 0.0, 'recall': 0.0, 'f1-score': 0.0, 'support': 61.0}, 'sports': {'precision': 0.7777777777777778, 'recall': 0.3181818181818182, 'f1-score': 0.45161290322580644, 'support': 44.0}, 'game': {'precision': 0.0, 'recall': 0.0, 'f1-score': 0.0, 'support': 48.0}, 'entertainment': {'precision': 0.0, 'recall': 0.0, 'f1-score': 0.0, 'support': 55.0}, 'accuracy': 0.11741682974559686, 'macro avg': {'precision': 0.08722336299338353, 'recall': 0.12381818181818183, 'f1-score': 0.062293506337478224, 'support': 511.0}, 'weighted avg': {'precision': 0.07621333626228002, 'recall': 0.11741682974559686, 'f1-score': 0.055649854695468244, 'support': 511.0}}
2025-05-23 11:35:03,596 - INFO - 软标签蒸馏验证 Soft Label Distillation Evaluating...
2025-05-23 11:35:03,891 - INFO - Step 40, Epoch 1/2
2025-05-23 11:35:03,892 - INFO - Step Duration: 0.62 seconds
2025-05-23 11:35:03,892 - INFO - Train Loss: 3.7410
2025-05-23 11:35:03,892 - INFO - Dev F1: 0.1268, Dev Accuracy: 0.1624
2025-05-23 11:35:03,893 - INFO - Dev Precision: 0.1409
2025-05-23 11:35:03,893 - INFO - Dev Classification Report:
2025-05-23 11:35:03,893 - INFO - {'finance': {'precision': 0.0, 'recall': 0.0, 'f1-score': 0.0, 'support': 58.0}, 'realty': {'precision': 0.08390022675736962, 'recall': 0.74, 'f1-score': 0.15071283095723015, 'support': 50.0}, 'stocks': {'precision': 0.0, 'recall': 0.0, 'f1-score': 0.0, 'support': 52.0}, 'education': {'precision': 0.0, 'recall': 0.0, 'f1-score': 0.0, 'support': 51.0}, 'science': {'precision': 0.0, 'recall': 0.0, 'f1-score': 0.0, 'support': 48.0}, 'society': {'precision': 0.0, 'recall': 0.0, 'f1-score': 0.0, 'support': 44.0}, 'politics': {'precision': 0.0, 'recall': 0.0, 'f1-score': 0.0, 'support': 61.0}, 'sports': {'precision': 0.8529411764705882, 'recall': 0.6590909090909091, 'f1-score': 0.7435897435897436, 'support': 44.0}, 'game': {'precision': 0.0, 'recall': 0.0, 'f1-score': 0.0, 'support': 48.0}, 'entertainment': {'precision': 0.4722222222222222, 'recall': 0.3090909090909091, 'f1-score': 0.37362637362637363, 'support': 55.0}, 'accuracy': 0.162426614481409, 'macro avg': {'precision': 0.140906362545018, 'recall': 0.1708181818181818, 'f1-score': 0.12679289481733474, 'support': 511.0}, 'weighted avg': {'precision': 0.1324787579741616, 'recall': 0.162426614481409, 'f1-score': 0.11898833819033419, 'support': 511.0}}
2025-05-23 11:35:09,899 - INFO - 软标签蒸馏验证 Soft Label Distillation Evaluating...
2025-05-23 11:35:10,196 - INFO - Step 50, Epoch 1/2
2025-05-23 11:35:10,197 - INFO - Step Duration: 0.59 seconds
2025-05-23 11:35:10,198 - INFO - Train Loss: 3.7489
2025-05-23 11:35:10,198 - INFO - Dev F1: 0.1355, Dev Accuracy: 0.1820
2025-05-23 11:35:10,199 - INFO - Dev Precision: 0.1252
2025-05-23 11:35:10,199 - INFO - Dev Classification Report:
2025-05-23 11:35:10,200 - INFO - {'finance': {'precision': 0.0, 'recall': 0.0, 'f1-score': 0.0, 'support': 58.0}, 'realty': {'precision': 0.08108108108108109, 'recall': 0.66, 'f1-score': 0.14442013129102846, 'support': 50.0}, 'stocks': {'precision': 0.0, 'recall': 0.0, 'f1-score': 0.0, 'support': 52.0}, 'education': {'precision': 0.0, 'recall': 0.0, 'f1-score': 0.0, 'support': 51.0}, 'science': {'precision': 0.0, 'recall': 0.0, 'f1-score': 0.0, 'support': 48.0}, 'society': {'precision': 0.0, 'recall': 0.0, 'f1-score': 0.0, 'support': 44.0}, 'politics': {'precision': 0.0, 'recall': 0.0, 'f1-score': 0.0, 'support': 61.0}, 'sports': {'precision': 0.7346938775510204, 'recall': 0.8181818181818182, 'f1-score': 0.7741935483870968, 'support': 44.0}, 'game': {'precision': 0.0, 'recall': 0.0, 'f1-score': 0.0, 'support': 48.0}, 'entertainment': {'precision': 0.43636363636363634, 'recall': 0.43636363636363634, 'f1-score': 0.43636363636363634, 'support': 55.0}, 'accuracy': 0.18199608610567514, 'macro avg': {'precision': 0.12521385949957378, 'recall': 0.19145454545454546, 'f1-score': 0.13549773160417616, 'support': 511.0}, 'weighted avg': {'precision': 0.1181616138283737, 'recall': 0.18199608610567514, 'f1-score': 0.12776031838274693, 'support': 511.0}}
2025-05-23 11:35:16,249 - INFO - 软标签蒸馏验证 Soft Label Distillation Evaluating...
2025-05-23 11:35:16,550 - INFO - Step 60, Epoch 1/2
2025-05-23 11:35:16,551 - INFO - Step Duration: 0.65 seconds
2025-05-23 11:35:16,552 - INFO - Train Loss: 3.7483
2025-05-23 11:35:16,552 - INFO - Dev F1: 0.1446, Dev Accuracy: 0.2035
2025-05-23 11:35:16,553 - INFO - Dev Precision: 0.1137
2025-05-23 11:35:16,553 - INFO - Dev Classification Report:
2025-05-23 11:35:16,554 - INFO - {'finance': {'precision': 0.0, 'recall': 0.0, 'f1-score': 0.0, 'support': 58.0}, 'realty': {'precision': 0.07792207792207792, 'recall': 0.36, 'f1-score': 0.12811387900355872, 'support': 50.0}, 'stocks': {'precision': 0.0, 'recall': 0.0, 'f1-score': 0.0, 'support': 52.0}, 'education': {'precision': 0.0, 'recall': 0.0, 'f1-score': 0.0, 'support': 51.0}, 'science': {'precision': 0.0, 'recall': 0.0, 'f1-score': 0.0, 'support': 48.0}, 'society': {'precision': 0.0, 'recall': 0.0, 'f1-score': 0.0, 'support': 44.0}, 'politics': {'precision': 0.0, 'recall': 0.0, 'f1-score': 0.0, 'support': 61.0}, 'sports': {'precision': 0.609375, 'recall': 0.8863636363636364, 'f1-score': 0.7222222222222222, 'support': 44.0}, 'game': {'precision': 0.11304347826086956, 'recall': 0.2708333333333333, 'f1-score': 0.15950920245398773, 'support': 48.0}, 'entertainment': {'precision': 0.33663366336633666, 'recall': 0.6181818181818182, 'f1-score': 0.4358974358974359, 'support': 55.0}, 'accuracy': 0.2035225048923679, 'macro avg': {'precision': 0.11369742195492842, 'recall': 0.21353787878787878, 'f1-score': 0.14457427395772046, 'support': 511.0}, 'weighted avg': {'precision': 0.10694626680582026, 'recall': 0.2035225048923679, 'f1-score': 0.13662284230940527, 'support': 511.0}}
2025-05-23 11:35:22,604 - INFO - 软标签蒸馏验证 Soft Label Distillation Evaluating...
2025-05-23 11:35:22,870 - INFO - Step 70, Epoch 1/2
2025-05-23 11:35:22,871 - INFO - Step Duration: 0.59 seconds
2025-05-23 11:35:22,872 - INFO - Train Loss: 3.7487
2025-05-23 11:35:22,872 - INFO - Dev F1: 0.1337, Dev Accuracy: 0.2016
2025-05-23 11:35:22,873 - INFO - Dev Precision: 0.0993
2025-05-23 11:35:22,873 - INFO - Dev Classification Report:
2025-05-23 11:35:22,873 - INFO - {'finance': {'precision': 0.0, 'recall': 0.0, 'f1-score': 0.0, 'support': 58.0}, 'realty': {'precision': 0.07446808510638298, 'recall': 0.28, 'f1-score': 0.11764705882352941, 'support': 50.0}, 'stocks': {'precision': 0.0, 'recall': 0.0, 'f1-score': 0.0, 'support': 52.0}, 'education': {'precision': 0.0, 'recall': 0.0, 'f1-score': 0.0, 'support': 51.0}, 'science': {'precision': 0.0, 'recall': 0.0, 'f1-score': 0.0, 'support': 48.0}, 'society': {'precision': 0.0, 'recall': 0.0, 'f1-score': 0.0, 'support': 44.0}, 'politics': {'precision': 0.0, 'recall': 0.0, 'f1-score': 0.0, 'support': 61.0}, 'sports': {'precision': 0.5324675324675324, 'recall': 0.9318181818181818, 'f1-score': 0.6776859504132231, 'support': 44.0}, 'game': {'precision': 0.10833333333333334, 'recall': 0.2708333333333333, 'f1-score': 0.15476190476190477, 'support': 48.0}, 'entertainment': {'precision': 0.2777777777777778, 'recall': 0.6363636363636364, 'f1-score': 0.3867403314917127, 'support': 55.0}, 'accuracy': 0.20156555772994128, 'macro avg': {'precision': 0.09930467286850266, 'recall': 0.21190151515151517, 'f1-score': 0.133683524549037, 'support': 511.0}, 'weighted avg': {'precision': 0.0932089108838911, 'recall': 0.20156555772994128, 'f1-score': 0.12602705365944014, 'support': 511.0}}
2025-05-23 11:35:29,144 - INFO - 软标签蒸馏验证 Soft Label Distillation Evaluating...
2025-05-23 11:35:29,481 - INFO - Step 80, Epoch 1/2
2025-05-23 11:35:29,482 - INFO - Step Duration: 0.60 seconds
2025-05-23 11:35:29,482 - INFO - Train Loss: 3.7532
2025-05-23 11:35:29,483 - INFO - Dev F1: 0.1267, Dev Accuracy: 0.1957
2025-05-23 11:35:29,483 - INFO - Dev Precision: 0.0925
2025-05-23 11:35:29,484 - INFO - Dev Classification Report:
2025-05-23 11:35:29,484 - INFO - {'finance': {'precision': 0.0, 'recall': 0.0, 'f1-score': 0.0, 'support': 58.0}, 'realty': {'precision': 0.07142857142857142, 'recall': 0.28, 'f1-score': 0.11382113821138211, 'support': 50.0}, 'stocks': {'precision': 0.0, 'recall': 0.0, 'f1-score': 0.0, 'support': 52.0}, 'education': {'precision': 0.0, 'recall': 0.0, 'f1-score': 0.0, 'support': 51.0}, 'science': {'precision': 0.0, 'recall': 0.0, 'f1-score': 0.0, 'support': 48.0}, 'society': {'precision': 0.0, 'recall': 0.0, 'f1-score': 0.0, 'support': 44.0}, 'politics': {'precision': 0.0, 'recall': 0.0, 'f1-score': 0.0, 'support': 61.0}, 'sports': {'precision': 0.45555555555555555, 'recall': 0.9318181818181818, 'f1-score': 0.6119402985074627, 'support': 44.0}, 'game': {'precision': 0.10810810810810811, 'recall': 0.25, 'f1-score': 0.1509433962264151, 'support': 48.0}, 'entertainment': {'precision': 0.2894736842105263, 'recall': 0.6, 'f1-score': 0.3905325443786982, 'support': 55.0}, 'accuracy': 0.19569471624266144, 'macro avg': {'precision': 0.09245659193027614, 'recall': 0.2061818181818182, 'f1-score': 0.1267237377323958, 'support': 511.0}, 'weighted avg': {'precision': 0.0875266435159318, 'recall': 0.19569471624266144, 'f1-score': 0.12004110177024224, 'support': 511.0}}
2025-05-23 11:35:36,141 - INFO - 软标签蒸馏验证 Soft Label Distillation Evaluating...
2025-05-23 11:35:36,420 - INFO - Step 90, Epoch 1/2
2025-05-23 11:35:36,421 - INFO - Step Duration: 0.54 seconds
2025-05-23 11:35:36,422 - INFO - Train Loss: 3.7539
2025-05-23 11:35:36,422 - INFO - Dev F1: 0.1204, Dev Accuracy: 0.1859
2025-05-23 11:35:36,422 - INFO - Dev Precision: 0.0888
2025-05-23 11:35:36,423 - INFO - Dev Classification Report:
2025-05-23 11:35:36,423 - INFO - {'finance': {'precision': 0.0, 'recall': 0.0, 'f1-score': 0.0, 'support': 58.0}, 'realty': {'precision': 0.04945054945054945, 'recall': 0.18, 'f1-score': 0.07758620689655173, 'support': 50.0}, 'stocks': {'precision': 0.0, 'recall': 0.0, 'f1-score': 0.0, 'support': 52.0}, 'education': {'precision': 0.0, 'recall': 0.0, 'f1-score': 0.0, 'support': 51.0}, 'science': {'precision': 0.0, 'recall': 0.0, 'f1-score': 0.0, 'support': 48.0}, 'society': {'precision': 0.0, 'recall': 0.0, 'f1-score': 0.0, 'support': 44.0}, 'politics': {'precision': 0.0, 'recall': 0.0, 'f1-score': 0.0, 'support': 61.0}, 'sports': {'precision': 0.5125, 'recall': 0.9318181818181818, 'f1-score': 0.6612903225806451, 'support': 44.0}, 'game': {'precision': 0.10344827586206896, 'recall': 0.1875, 'f1-score': 0.13333333333333333, 'support': 48.0}, 'entertainment': {'precision': 0.2222222222222222, 'recall': 0.6545454545454545, 'f1-score': 0.3317972350230415, 'support': 55.0}, 'accuracy': 0.18590998043052837, 'macro avg': {'precision': 0.08876210475348406, 'recall': 0.19538636363636364, 'f1-score': 0.12040070978335718, 'support': 511.0}, 'weighted avg': {'precision': 0.0826032621059276, 'recall': 0.18590998043052837, 'f1-score': 0.11276894807170891, 'support': 511.0}}
2025-05-23 11:35:42,495 - INFO - 软标签蒸馏验证 Soft Label Distillation Evaluating...
2025-05-23 11:35:42,817 - INFO - Step 100, Epoch 1/2
2025-05-23 11:35:42,827 - INFO - Step Duration: 0.64 seconds
2025-05-23 11:35:42,828 - INFO - Train Loss: 3.7417
2025-05-23 11:35:42,829 - INFO - Dev F1: 0.1123, Dev Accuracy: 0.1840
2025-05-23 11:35:42,830 - INFO - Dev Precision: 0.0875
2025-05-23 11:35:42,831 - INFO - Dev Classification Report:
2025-05-23 11:35:42,832 - INFO - {'finance': {'precision': 0.0, 'recall': 0.0, 'f1-score': 0.0, 'support': 58.0}, 'realty': {'precision': 0.045454545454545456, 'recall': 0.08, 'f1-score': 0.057971014492753624, 'support': 50.0}, 'stocks': {'precision': 0.0, 'recall': 0.0, 'f1-score': 0.0, 'support': 52.0}, 'education': {'precision': 0.0, 'recall': 0.0, 'f1-score': 0.0, 'support': 51.0}, 'science': {'precision': 0.0, 'recall': 0.0, 'f1-score': 0.0, 'support': 48.0}, 'society': {'precision': 0.0, 'recall': 0.0, 'f1-score': 0.0, 'support': 44.0}, 'politics': {'precision': 0.0, 'recall': 0.0, 'f1-score': 0.0, 'support': 61.0}, 'sports': {'precision': 0.5882352941176471, 'recall': 0.9090909090909091, 'f1-score': 0.7142857142857143, 'support': 44.0}, 'game': {'precision': 0.09090909090909091, 'recall': 0.10416666666666667, 'f1-score': 0.0970873786407767, 'support': 48.0}, 'entertainment': {'precision': 0.15, 'recall': 0.8181818181818182, 'f1-score': 0.2535211267605634, 'support': 55.0}, 'accuracy': 0.18395303326810175, 'macro avg': {'precision': 0.08745989304812835, 'recall': 0.19114393939393942, 'f1-score': 0.1122865234179808, 'support': 511.0}, 'weighted avg': {'precision': 0.07978222422219199, 'recall': 0.18395303326810175, 'f1-score': 0.10358312778825318, 'support': 511.0}}
2025-05-23 11:35:49,672 - INFO - 软标签蒸馏验证 Soft Label Distillation Evaluating...
2025-05-23 11:35:50,070 - INFO - Step 110, Epoch 1/2
2025-05-23 11:35:50,071 - INFO - Step Duration: 0.57 seconds
2025-05-23 11:35:50,072 - INFO - Train Loss: 3.7282
2025-05-23 11:35:50,073 - INFO - Dev F1: 0.1144, Dev Accuracy: 0.1898
2025-05-23 11:35:50,074 - INFO - Dev Precision: 0.0904
2025-05-23 11:35:50,075 - INFO - Dev Classification Report:
2025-05-23 11:35:50,076 - INFO - {'finance': {'precision': 0.0, 'recall': 0.0, 'f1-score': 0.0, 'support': 58.0}, 'realty': {'precision': 0.05660377358490566, 'recall': 0.06, 'f1-score': 0.05825242718446602, 'support': 50.0}, 'stocks': {'precision': 0.0, 'recall': 0.0, 'f1-score': 0.0, 'support': 52.0}, 'education': {'precision': 0.0, 'recall': 0.0, 'f1-score': 0.0, 'support': 51.0}, 'science': {'precision': 0.0, 'recall': 0.0, 'f1-score': 0.0, 'support': 48.0}, 'society': {'precision': 0.0, 'recall': 0.0, 'f1-score': 0.0, 'support': 44.0}, 'politics': {'precision': 0.0, 'recall': 0.0, 'f1-score': 0.0, 'support': 61.0}, 'sports': {'precision': 0.6060606060606061, 'recall': 0.9090909090909091, 'f1-score': 0.7272727272727273, 'support': 44.0}, 'game': {'precision': 0.09523809523809523, 'recall': 0.125, 'f1-score': 0.10810810810810811, 'support': 48.0}, 'entertainment': {'precision': 0.1458966565349544, 'recall': 0.8727272727272727, 'f1-score': 0.25, 'support': 55.0}, 'accuracy': 0.1898238747553816, 'macro avg': {'precision': 0.09037991314185614, 'recall': 0.19668181818181818, 'f1-score': 0.11436332625653015, 'support': 511.0}, 'weighted avg': {'precision': 0.08237299418153232, 'recall': 0.1898238747553816, 'f1-score': 0.10538514784425144, 'support': 511.0}}
2025-05-23 11:35:56,841 - INFO - 软标签蒸馏验证 Soft Label Distillation Evaluating...
2025-05-23 11:35:57,114 - INFO - Step 120, Epoch 1/2
2025-05-23 11:35:57,115 - INFO - Step Duration: 0.58 seconds
2025-05-23 11:35:57,115 - INFO - Train Loss: 3.7157
2025-05-23 11:35:57,115 - INFO - Dev F1: 0.1416, Dev Accuracy: 0.2035
2025-05-23 11:35:57,116 - INFO - Dev Precision: 0.1179
2025-05-23 11:35:57,116 - INFO - Dev Classification Report:
2025-05-23 11:35:57,117 - INFO - {'finance': {'precision': 0.0, 'recall': 0.0, 'f1-score': 0.0, 'support': 58.0}, 'realty': {'precision': 0.039603960396039604, 'recall': 0.08, 'f1-score': 0.052980132450331126, 'support': 50.0}, 'stocks': {'precision': 0.0, 'recall': 0.0, 'f1-score': 0.0, 'support': 52.0}, 'education': {'precision': 0.0, 'recall': 0.0, 'f1-score': 0.0, 'support': 51.0}, 'science': {'precision': 0.17391304347826086, 'recall': 0.16666666666666666, 'f1-score': 0.1702127659574468, 'support': 48.0}, 'society': {'precision': 0.0, 'recall': 0.0, 'f1-score': 0.0, 'support': 44.0}, 'politics': {'precision': 0.0, 'recall': 0.0, 'f1-score': 0.0, 'support': 61.0}, 'sports': {'precision': 0.6666666666666666, 'recall': 0.8636363636363636, 'f1-score': 0.7524752475247525, 'support': 44.0}, 'game': {'precision': 0.10144927536231885, 'recall': 0.14583333333333334, 'f1-score': 0.11965811965811966, 'support': 48.0}, 'entertainment': {'precision': 0.19747899159663865, 'recall': 0.8545454545454545, 'f1-score': 0.32081911262798635, 'support': 55.0}, 'accuracy': 0.2035225048923679, 'macro avg': {'precision': 0.11791119374999245, 'recall': 0.2110681818181818, 'f1-score': 0.14161453782186367, 'support': 511.0}, 'weighted avg': {'precision': 0.10839974010821578, 'recall': 0.2035225048923679, 'f1-score': 0.13173536441818418, 'support': 511.0}}
2025-05-23 11:36:02,770 - INFO - 软标签蒸馏验证 Soft Label Distillation Evaluating...
2025-05-23 11:36:03,017 - INFO - Step 130, Epoch 1/2
2025-05-23 11:36:03,017 - INFO - Step Duration: 0.47 seconds
2025-05-23 11:36:03,018 - INFO - Train Loss: 3.6908
2025-05-23 11:36:03,018 - INFO - Dev F1: 0.1493, Dev Accuracy: 0.2074
2025-05-23 11:36:03,019 - INFO - Dev Precision: 0.1254
2025-05-23 11:36:03,019 - INFO - Dev Classification Report:
2025-05-23 11:36:03,020 - INFO - {'finance': {'precision': 0.0, 'recall': 0.0, 'f1-score': 0.0, 'support': 58.0}, 'realty': {'precision': 0.06315789473684211, 'recall': 0.12, 'f1-score': 0.08275862068965517, 'support': 50.0}, 'stocks': {'precision': 0.0, 'recall': 0.0, 'f1-score': 0.0, 'support': 52.0}, 'education': {'precision': 0.0, 'recall': 0.0, 'f1-score': 0.0, 'support': 51.0}, 'science': {'precision': 0.1485148514851485, 'recall': 0.3125, 'f1-score': 0.20134228187919462, 'support': 48.0}, 'society': {'precision': 0.0, 'recall': 0.0, 'f1-score': 0.0, 'support': 44.0}, 'politics': {'precision': 0.0, 'recall': 0.0, 'f1-score': 0.0, 'support': 61.0}, 'sports': {'precision': 0.717391304347826, 'recall': 0.75, 'f1-score': 0.7333333333333333, 'support': 44.0}, 'game': {'precision': 0.09210526315789473, 'recall': 0.14583333333333334, 'f1-score': 0.11290322580645161, 'support': 48.0}, 'entertainment': {'precision': 0.23316062176165803, 'recall': 0.8181818181818182, 'f1-score': 0.3629032258064516, 'support': 55.0}, 'accuracy': 0.20743639921722112, 'macro avg': {'precision': 0.12543299354893694, 'recall': 0.21465151515151515, 'f1-score': 0.14932406875150864, 'support': 511.0}, 'weighted avg': {'precision': 0.11564914252035953, 'recall': 0.20743639921722112, 'f1-score': 0.13982007727869922, 'support': 511.0}}
2025-05-23 11:42:13,368 - INFO - 训练参数配置 Training Parameters:
2025-05-23 11:42:13,369 - INFO - {'num_epochs': 2, 'learning_rate': 5e-05, 'device': device(type='cpu'), 'temperature_T': 2.0, 'alpha': 0.7, 'batch_size': 64, 'optimizer': 'AdamW', 'criterion': 'CrossEntropyLoss', 'save_path': 'C:\\Lucky_dt\\2_bj\\TMFCode\\06-model-compression\\bert_distll\\models_save\\bilstm_soft.pth'}
2025-05-23 11:42:13,370 - INFO - 软标签蒸馏训练 Soft Label Distillation Epoch 1/2....
2025-05-23 11:42:18,147 - INFO - 软标签蒸馏验证 Soft Label Distillation Evaluating...
2025-05-23 11:42:22,977 - INFO - Step 10, Epoch 1/2
2025-05-23 11:42:22,977 - INFO - Step Duration: 0.50 seconds
2025-05-23 11:42:22,978 - INFO - Train Loss: 3.6973
2025-05-23 11:42:22,978 - INFO - Dev F1: 0.0239, Dev Accuracy: 0.1021
2025-05-23 11:42:22,978 - INFO - Dev Precision: 0.1071
2025-05-23 11:42:22,979 - INFO - Dev Classification Report:
2025-05-23 11:42:22,979 - INFO - {'finance': {'precision': 0.0, 'recall': 0.0, 'f1-score': 0.0, 'support': 1000.0}, 'realty': {'precision': 0.10165847665847666, 'recall': 0.993, 'f1-score': 0.18443536404160477, 'support': 1000.0}, 'stocks': {'precision': 0.0, 'recall': 0.0, 'f1-score': 0.0, 'support': 1000.0}, 'education': {'precision': 0.0, 'recall': 0.0, 'f1-score': 0.0, 'support': 1000.0}, 'science': {'precision': 0.0, 'recall': 0.0, 'f1-score': 0.0, 'support': 1000.0}, 'society': {'precision': 0.004901960784313725, 'recall': 0.001, 'f1-score': 0.0016611295681063123, 'support': 1000.0}, 'politics': {'precision': 0.0, 'recall': 0.0, 'f1-score': 0.0, 'support': 1000.0}, 'sports': {'precision': 0.9642857142857143, 'recall': 0.027, 'f1-score': 0.05252918287937743, 'support': 1000.0}, 'game': {'precision': 0.0, 'recall': 0.0, 'f1-score': 0.0, 'support': 1000.0}, 'entertainment': {'precision': 0.0, 'recall': 0.0, 'f1-score': 0.0, 'support': 1000.0}, 'accuracy': 0.1021, 'macro avg': {'precision': 0.10708461517285046, 'recall': 0.1021, 'f1-score': 0.02386256764890885, 'support': 10000.0}, 'weighted avg': {'precision': 0.10708461517285048, 'recall': 0.1021, 'f1-score': 0.02386256764890885, 'support': 10000.0}}
2025-05-23 11:42:28,371 - INFO - 软标签蒸馏验证 Soft Label Distillation Evaluating...
2025-05-23 11:42:33,087 - INFO - Step 20, Epoch 1/2
2025-05-23 11:42:33,087 - INFO - Step Duration: 0.53 seconds
2025-05-23 11:42:33,088 - INFO - Train Loss: 3.7579
2025-05-23 11:42:33,088 - INFO - Dev F1: 0.0626, Dev Accuracy: 0.1259
2025-05-23 11:42:33,089 - INFO - Dev Precision: 0.0936
2025-05-23 11:42:33,089 - INFO - Dev Classification Report:
2025-05-23 11:42:33,090 - INFO - {'finance': {'precision': 0.0, 'recall': 0.0, 'f1-score': 0.0, 'support': 1000.0}, 'realty': {'precision': 0.09998952989215788, 'recall': 0.955, 'f1-score': 0.18102549521372382, 'support': 1000.0}, 'stocks': {'precision': 0.0, 'recall': 0.0, 'f1-score': 0.0, 'support': 1000.0}, 'education': {'precision': 0.0, 'recall': 0.0, 'f1-score': 0.0, 'support': 1000.0}, 'science': {'precision': 0.0, 'recall': 0.0, 'f1-score': 0.0, 'support': 1000.0}, 'society': {'precision': 0.012345679012345678, 'recall': 0.001, 'f1-score': 0.0018501387604070306, 'support': 1000.0}, 'politics': {'precision': 0.0, 'recall': 0.0, 'f1-score': 0.0, 'support': 1000.0}, 'sports': {'precision': 0.8233695652173914, 'recall': 0.303, 'f1-score': 0.44298245614035087, 'support': 1000.0}, 'game': {'precision': 0.0, 'recall': 0.0, 'f1-score': 0.0, 'support': 1000.0}, 'entertainment': {'precision': 0.0, 'recall': 0.0, 'f1-score': 0.0, 'support': 1000.0}, 'accuracy': 0.1259, 'macro avg': {'precision': 0.0935704774121895, 'recall': 0.12589999999999998, 'f1-score': 0.06258580901144817, 'support': 10000.0}, 'weighted avg': {'precision': 0.09357047741218949, 'recall': 0.1259, 'f1-score': 0.06258580901144817, 'support': 10000.0}}
2025-05-23 11:42:38,600 - INFO - 软标签蒸馏验证 Soft Label Distillation Evaluating...
2025-05-23 11:42:44,904 - INFO - Step 30, Epoch 1/2
2025-05-23 11:42:44,905 - INFO - Step Duration: 0.60 seconds
2025-05-23 11:42:44,906 - INFO - Train Loss: 3.7392
2025-05-23 11:42:44,907 - INFO - Dev F1: 0.0811, Dev Accuracy: 0.1461
2025-05-23 11:42:44,907 - INFO - Dev Precision: 0.0884
2025-05-23 11:42:44,908 - INFO - Dev Classification Report:
2025-05-23 11:42:44,909 - INFO - {'finance': {'precision': 0.0, 'recall': 0.0, 'f1-score': 0.0, 'support': 1000.0}, 'realty': {'precision': 0.10019309161124222, 'recall': 0.934, 'f1-score': 0.18097267971323386, 'support': 1000.0}, 'stocks': {'precision': 0.0, 'recall': 0.0, 'f1-score': 0.0, 'support': 1000.0}, 'education': {'precision': 0.0, 'recall': 0.0, 'f1-score': 0.0, 'support': 1000.0}, 'science': {'precision': 0.0, 'recall': 0.0, 'f1-score': 0.0, 'support': 1000.0}, 'society': {'precision': 0.0, 'recall': 0.0, 'f1-score': 0.0, 'support': 1000.0}, 'politics': {'precision': 0.0, 'recall': 0.0, 'f1-score': 0.0, 'support': 1000.0}, 'sports': {'precision': 0.7842261904761905, 'recall': 0.527, 'f1-score': 0.6303827751196173, 'support': 1000.0}, 'game': {'precision': 0.0, 'recall': 0.0, 'f1-score': 0.0, 'support': 1000.0}, 'entertainment': {'precision': 0.0, 'recall': 0.0, 'f1-score': 0.0, 'support': 1000.0}, 'accuracy': 0.1461, 'macro avg': {'precision': 0.08844192820874328, 'recall': 0.1461, 'f1-score': 0.08113554548328511, 'support': 10000.0}, 'weighted avg': {'precision': 0.08844192820874328, 'recall': 0.1461, 'f1-score': 0.08113554548328511, 'support': 10000.0}}
2025-05-23 11:42:55,865 - INFO - 软标签蒸馏验证 Soft Label Distillation Evaluating...
2025-05-23 11:43:12,443 - INFO - Step 40, Epoch 1/2
2025-05-23 11:43:12,444 - INFO - Step Duration: 1.00 seconds
2025-05-23 11:43:12,445 - INFO - Train Loss: 3.7415
2025-05-23 11:43:12,448 - INFO - Dev F1: 0.0861, Dev Accuracy: 0.1626
2025-05-23 11:43:12,449 - INFO - Dev Precision: 0.1202
2025-05-23 11:43:12,451 - INFO - Dev Classification Report:
2025-05-23 11:43:12,452 - INFO - {'finance': {'precision': 0.0, 'recall': 0.0, 'f1-score': 0.0, 'support': 1000.0}, 'realty': {'precision': 0.09583525080533824, 'recall': 0.833, 'f1-score': 0.17189434585224928, 'support': 1000.0}, 'stocks': {'precision': 0.0, 'recall': 0.0, 'f1-score': 0.0, 'support': 1000.0}, 'education': {'precision': 0.0, 'recall': 0.0, 'f1-score': 0.0, 'support': 1000.0}, 'science': {'precision': 0.0, 'recall': 0.0, 'f1-score': 0.0, 'support': 1000.0}, 'society': {'precision': 0.5, 'recall': 0.001, 'f1-score': 0.001996007984031936, 'support': 1000.0}, 'politics': {'precision': 0.0, 'recall': 0.0, 'f1-score': 0.0, 'support': 1000.0}, 'sports': {'precision': 0.6064318529862175, 'recall': 0.792, 'f1-score': 0.6869037294015612, 'support': 1000.0}, 'game': {'precision': 0.0, 'recall': 0.0, 'f1-score': 0.0, 'support': 1000.0}, 'entertainment': {'precision': 0.0, 'recall': 0.0, 'f1-score': 0.0, 'support': 1000.0}, 'accuracy': 0.1626, 'macro avg': {'precision': 0.12022671037915555, 'recall': 0.1626, 'f1-score': 0.08607940832378425, 'support': 10000.0}, 'weighted avg': {'precision': 0.12022671037915558, 'recall': 0.1626, 'f1-score': 0.08607940832378425, 'support': 10000.0}}
2025-05-23 11:43:24,058 - INFO - 软标签蒸馏验证 Soft Label Distillation Evaluating...
2025-05-23 11:43:35,884 - INFO - Step 50, Epoch 1/2
2025-05-23 11:43:35,885 - INFO - Step Duration: 1.69 seconds
2025-05-23 11:43:35,885 - INFO - Train Loss: 3.7498
2025-05-23 11:43:35,886 - INFO - Dev F1: 0.0747, Dev Accuracy: 0.1609
2025-05-23 11:43:35,887 - INFO - Dev Precision: 0.0526
2025-05-23 11:43:35,888 - INFO - Dev Classification Report:
2025-05-23 11:43:35,889 - INFO - {'finance': {'precision': 0.0, 'recall': 0.0, 'f1-score': 0.0, 'support': 1000.0}, 'realty': {'precision': 0.08920246944689429, 'recall': 0.708, 'f1-score': 0.15844243034575362, 'support': 1000.0}, 'stocks': {'precision': 0.0, 'recall': 0.0, 'f1-score': 0.0, 'support': 1000.0}, 'education': {'precision': 0.0, 'recall': 0.0, 'f1-score': 0.0, 'support': 1000.0}, 'science': {'precision': 0.0, 'recall': 0.0, 'f1-score': 0.0, 'support': 1000.0}, 'society': {'precision': 0.0, 'recall': 0.0, 'f1-score': 0.0, 'support': 1000.0}, 'politics': {'precision': 0.0, 'recall': 0.0, 'f1-score': 0.0, 'support': 1000.0}, 'sports': {'precision': 0.4367426078526418, 'recall': 0.901, 'f1-score': 0.5883121123081946, 'support': 1000.0}, 'game': {'precision': 0.0, 'recall': 0.0, 'f1-score': 0.0, 'support': 1000.0}, 'entertainment': {'precision': 0.0, 'recall': 0.0, 'f1-score': 0.0, 'support': 1000.0}, 'accuracy': 0.1609, 'macro avg': {'precision': 0.05259450772995361, 'recall': 0.1609, 'f1-score': 0.07467545426539482, 'support': 10000.0}, 'weighted avg': {'precision': 0.05259450772995362, 'recall': 0.1609, 'f1-score': 0.07467545426539482, 'support': 10000.0}}
2025-05-23 11:43:48,360 - INFO - 软标签蒸馏验证 Soft Label Distillation Evaluating...
2025-05-23 11:43:59,366 - INFO - Step 60, Epoch 1/2
2025-05-23 11:43:59,367 - INFO - Step Duration: 1.26 seconds
2025-05-23 11:43:59,368 - INFO - Train Loss: 3.7500
2025-05-23 11:43:59,369 - INFO - Dev F1: 0.0658, Dev Accuracy: 0.1536
2025-05-23 11:43:59,369 - INFO - Dev Precision: 0.0436
2025-05-23 11:43:59,370 - INFO - Dev Classification Report:
2025-05-23 11:43:59,371 - INFO - {'finance': {'precision': 0.0, 'recall': 0.0, 'f1-score': 0.0, 'support': 1000.0}, 'realty': {'precision': 0.08051771117166212, 'recall': 0.591, 'f1-score': 0.14172661870503597, 'support': 1000.0}, 'stocks': {'precision': 0.0, 'recall': 0.0, 'f1-score': 0.0, 'support': 1000.0}, 'education': {'precision': 0.0, 'recall': 0.0, 'f1-score': 0.0, 'support': 1000.0}, 'science': {'precision': 0.0, 'recall': 0.0, 'f1-score': 0.0, 'support': 1000.0}, 'society': {'precision': 0.0, 'recall': 0.0, 'f1-score': 0.0, 'support': 1000.0}, 'politics': {'precision': 0.0, 'recall': 0.0, 'f1-score': 0.0, 'support': 1000.0}, 'sports': {'precision': 0.3553967657013915, 'recall': 0.945, 'f1-score': 0.5165345722875102, 'support': 1000.0}, 'game': {'precision': 0.0, 'recall': 0.0, 'f1-score': 0.0, 'support': 1000.0}, 'entertainment': {'precision': 0.0, 'recall': 0.0, 'f1-score': 0.0, 'support': 1000.0}, 'accuracy': 0.1536, 'macro avg': {'precision': 0.043591447687305364, 'recall': 0.15360000000000001, 'f1-score': 0.06582611909925462, 'support': 10000.0}, 'weighted avg': {'precision': 0.043591447687305364, 'recall': 0.1536, 'f1-score': 0.06582611909925462, 'support': 10000.0}}
2025-05-23 11:44:11,470 - INFO - 软标签蒸馏验证 Soft Label Distillation Evaluating...
2025-05-23 11:44:43,556 - INFO - 训练参数配置 Training Parameters:
2025-05-23 11:44:43,557 - INFO - {'num_epochs': 10, 'learning_rate': 5e-05, 'device': device(type='cpu'), 'temperature_T': 2.0, 'alpha': 0.7, 'batch_size': 64, 'optimizer': 'AdamW', 'criterion': 'CrossEntropyLoss', 'save_path': 'C:\\Lucky_dt\\2_bj\\TMFCode\\06-model-compression\\bert_distll\\models_save\\bilstm_soft.pth'}
2025-05-23 11:44:43,558 - INFO - 软标签蒸馏训练 Soft Label Distillation Epoch 1/10....
2025-05-23 11:44:49,979 - INFO - 软标签蒸馏验证 Soft Label Distillation Evaluating...
2025-05-23 11:44:56,616 - INFO - Step 10, Epoch 1/10
2025-05-23 11:44:56,617 - INFO - Step Duration: 0.55 seconds
2025-05-23 11:44:56,618 - INFO - Train Loss: 3.6973
2025-05-23 11:44:56,619 - INFO - Dev F1: 0.0194, Dev Accuracy: 0.1006
2025-05-23 11:44:56,619 - INFO - Dev Precision: 0.1100
2025-05-23 11:44:56,620 - INFO - Dev Classification Report:
2025-05-23 11:44:56,621 - INFO - {'finance': {'precision': 0.0, 'recall': 0.0, 'f1-score': 0.0, 'support': 1000.0}, 'realty': {'precision': 0.0, 'recall': 0.0, 'f1-score': 0.0, 'support': 1000.0}, 'stocks': {'precision': 0.0, 'recall': 0.0, 'f1-score': 0.0, 'support': 1000.0}, 'education': {'precision': 0.0, 'recall': 0.0, 'f1-score': 0.0, 'support': 1000.0}, 'science': {'precision': 0.0, 'recall': 0.0, 'f1-score': 0.0, 'support': 1000.0}, 'society': {'precision': 0.0, 'recall': 0.0, 'f1-score': 0.0, 'support': 1000.0}, 'politics': {'precision': 0.0, 'recall': 0.0, 'f1-score': 0.0, 'support': 1000.0}, 'sports': {'precision': 1.0, 'recall': 0.006, 'f1-score': 0.011928429423459244, 'support': 1000.0}, 'game': {'precision': 0.0, 'recall': 0.0, 'f1-score': 0.0, 'support': 1000.0}, 'entertainment': {'precision': 0.100080064051241, 'recall': 1.0, 'f1-score': 0.1819505094614265, 'support': 1000.0}, 'accuracy': 0.1006, 'macro avg': {'precision': 0.11000800640512409, 'recall': 0.1006, 'f1-score': 0.01938789388848857, 'support': 10000.0}, 'weighted avg': {'precision': 0.11000800640512409, 'recall': 0.1006, 'f1-score': 0.019387893888488574, 'support': 10000.0}}
2025-05-23 11:45:02,729 - INFO - 软标签蒸馏验证 Soft Label Distillation Evaluating...
2025-05-23 11:45:07,609 - INFO - Step 20, Epoch 1/10
2025-05-23 11:45:07,610 - INFO - Step Duration: 0.57 seconds
2025-05-23 11:45:07,610 - INFO - Train Loss: 3.7572
2025-05-23 11:45:07,610 - INFO - Dev F1: 0.0489, Dev Accuracy: 0.1182
2025-05-23 11:45:07,610 - INFO - Dev Precision: 0.1026
2025-05-23 11:45:07,611 - INFO - Dev Classification Report:
2025-05-23 11:45:07,611 - INFO - {'finance': {'precision': 0.0, 'recall': 0.0, 'f1-score': 0.0, 'support': 1000.0}, 'realty': {'precision': 0.0, 'recall': 0.0, 'f1-score': 0.0, 'support': 1000.0}, 'stocks': {'precision': 0.0, 'recall': 0.0, 'f1-score': 0.0, 'support': 1000.0}, 'education': {'precision': 0.0, 'recall': 0.0, 'f1-score': 0.0, 'support': 1000.0}, 'science': {'precision': 0.0, 'recall': 0.0, 'f1-score': 0.0, 'support': 1000.0}, 'society': {'precision': 0.0, 'recall': 0.0, 'f1-score': 0.0, 'support': 1000.0}, 'politics': {'precision': 0.0, 'recall': 0.0, 'f1-score': 0.0, 'support': 1000.0}, 'sports': {'precision': 0.9238578680203046, 'recall': 0.182, 'f1-score': 0.30409356725146197, 'support': 1000.0}, 'game': {'precision': 0.0, 'recall': 0.0, 'f1-score': 0.0, 'support': 1000.0}, 'entertainment': {'precision': 0.10200958890135672, 'recall': 1.0, 'f1-score': 0.18513375914097935, 'support': 1000.0}, 'accuracy': 0.1182, 'macro avg': {'precision': 0.10258674569216612, 'recall': 0.1182, 'f1-score': 0.04892273263924413, 'support': 10000.0}, 'weighted avg': {'precision': 0.10258674569216612, 'recall': 0.1182, 'f1-score': 0.04892273263924413, 'support': 10000.0}}
2025-05-23 11:45:13,368 - INFO - 软标签蒸馏验证 Soft Label Distillation Evaluating...
2025-05-23 11:45:19,441 - INFO - Step 30, Epoch 1/10
2025-05-23 11:45:19,442 - INFO - Step Duration: 0.65 seconds
2025-05-23 11:45:19,443 - INFO - Train Loss: 3.7395
2025-05-23 11:45:19,443 - INFO - Dev F1: 0.0690, Dev Accuracy: 0.1344
2025-05-23 11:45:19,444 - INFO - Dev Precision: 0.1017
2025-05-23 11:45:19,444 - INFO - Dev Classification Report:
2025-05-23 11:45:19,445 - INFO - {'finance': {'precision': 0.0, 'recall': 0.0, 'f1-score': 0.0, 'support': 1000.0}, 'realty': {'precision': 0.0, 'recall': 0.0, 'f1-score': 0.0, 'support': 1000.0}, 'stocks': {'precision': 0.0, 'recall': 0.0, 'f1-score': 0.0, 'support': 1000.0}, 'education': {'precision': 0.0, 'recall': 0.0, 'f1-score': 0.0, 'support': 1000.0}, 'science': {'precision': 0.0, 'recall': 0.0, 'f1-score': 0.0, 'support': 1000.0}, 'society': {'precision': 0.0, 'recall': 0.0, 'f1-score': 0.0, 'support': 1000.0}, 'politics': {'precision': 0.0, 'recall': 0.0, 'f1-score': 0.0, 'support': 1000.0}, 'sports': {'precision': 0.9129287598944591, 'recall': 0.346, 'f1-score': 0.5018129079042785, 'support': 1000.0}, 'game': {'precision': 0.0, 'recall': 0.0, 'f1-score': 0.0, 'support': 1000.0}, 'entertainment': {'precision': 0.10373142085022347, 'recall': 0.998, 'f1-score': 0.18792957348648903, 'support': 1000.0}, 'accuracy': 0.1344, 'macro avg': {'precision': 0.10166601807446826, 'recall': 0.1344, 'f1-score': 0.06897424813907675, 'support': 10000.0}, 'weighted avg': {'precision': 0.10166601807446825, 'recall': 0.1344, 'f1-score': 0.06897424813907675, 'support': 10000.0}}
2025-05-23 11:45:26,034 - INFO - 软标签蒸馏验证 Soft Label Distillation Evaluating...
2025-05-23 11:45:31,545 - INFO - Step 40, Epoch 1/10
2025-05-23 11:45:31,546 - INFO - Step Duration: 0.66 seconds
2025-05-23 11:45:31,546 - INFO - Train Loss: 3.7414
2025-05-23 11:45:31,547 - INFO - Dev F1: 0.0817, Dev Accuracy: 0.1494
2025-05-23 11:45:31,547 - INFO - Dev Precision: 0.0924
2025-05-23 11:45:31,548 - INFO - Dev Classification Report:
2025-05-23 11:45:31,548 - INFO - {'finance': {'precision': 0.0, 'recall': 0.0, 'f1-score': 0.0, 'support': 1000.0}, 'realty': {'precision': 0.0, 'recall': 0.0, 'f1-score': 0.0, 'support': 1000.0}, 'stocks': {'precision': 0.0, 'recall': 0.0, 'f1-score': 0.0, 'support': 1000.0}, 'education': {'precision': 0.0, 'recall': 0.0, 'f1-score': 0.0, 'support': 1000.0}, 'science': {'precision': 0.0, 'recall': 0.0, 'f1-score': 0.0, 'support': 1000.0}, 'society': {'precision': 0.0, 'recall': 0.0, 'f1-score': 0.0, 'support': 1000.0}, 'politics': {'precision': 0.0, 'recall': 0.0, 'f1-score': 0.0, 'support': 1000.0}, 'sports': {'precision': 0.8193548387096774, 'recall': 0.508, 'f1-score': 0.6271604938271605, 'support': 1000.0}, 'game': {'precision': 0.0, 'recall': 0.0, 'f1-score': 0.0, 'support': 1000.0}, 'entertainment': {'precision': 0.10511727078891259, 'recall': 0.986, 'f1-score': 0.18998073217726397, 'support': 1000.0}, 'accuracy': 0.1494, 'macro avg': {'precision': 0.092447210949859, 'recall': 0.1494, 'f1-score': 0.08171412260044245, 'support': 10000.0}, 'weighted avg': {'precision': 0.092447210949859, 'recall': 0.1494, 'f1-score': 0.08171412260044245, 'support': 10000.0}}
2025-05-23 11:45:37,145 - INFO - 软标签蒸馏验证 Soft Label Distillation Evaluating...
2025-05-23 11:45:42,789 - INFO - Step 50, Epoch 1/10
2025-05-23 11:45:42,790 - INFO - Step Duration: 0.56 seconds
2025-05-23 11:45:42,790 - INFO - Train Loss: 3.7499
2025-05-23 11:45:42,791 - INFO - Dev F1: 0.0913, Dev Accuracy: 0.1682
2025-05-23 11:45:42,791 - INFO - Dev Precision: 0.0815
2025-05-23 11:45:42,792 - INFO - Dev Classification Report:
2025-05-23 11:45:42,792 - INFO - {'finance': {'precision': 0.0, 'recall': 0.0, 'f1-score': 0.0, 'support': 1000.0}, 'realty': {'precision': 0.0, 'recall': 0.0, 'f1-score': 0.0, 'support': 1000.0}, 'stocks': {'precision': 0.0, 'recall': 0.0, 'f1-score': 0.0, 'support': 1000.0}, 'education': {'precision': 0.0, 'recall': 0.0, 'f1-score': 0.0, 'support': 1000.0}, 'science': {'precision': 0.0, 'recall': 0.0, 'f1-score': 0.0, 'support': 1000.0}, 'society': {'precision': 0.0, 'recall': 0.0, 'f1-score': 0.0, 'support': 1000.0}, 'politics': {'precision': 0.0, 'recall': 0.0, 'f1-score': 0.0, 'support': 1000.0}, 'sports': {'precision': 0.7093358999037536, 'recall': 0.737, 'f1-score': 0.7229033840117705, 'support': 1000.0}, 'game': {'precision': 0.0, 'recall': 0.0, 'f1-score': 0.0, 'support': 1000.0}, 'entertainment': {'precision': 0.10545698024774021, 'recall': 0.945, 'f1-score': 0.18973998594518623, 'support': 1000.0}, 'accuracy': 0.1682, 'macro avg': {'precision': 0.08147928801514938, 'recall': 0.1682, 'f1-score': 0.09126433699569567, 'support': 10000.0}, 'weighted avg': {'precision': 0.08147928801514938, 'recall': 0.1682, 'f1-score': 0.09126433699569567, 'support': 10000.0}}
2025-05-23 11:45:49,270 - INFO - 软标签蒸馏验证 Soft Label Distillation Evaluating...
2025-05-23 11:45:55,528 - INFO - Step 60, Epoch 1/10
2025-05-23 11:45:55,528 - INFO - Step Duration: 0.99 seconds
2025-05-23 11:45:55,529 - INFO - Train Loss: 3.7498
2025-05-23 11:45:55,530 - INFO - Dev F1: 0.0877, Dev Accuracy: 0.1681
2025-05-23 11:45:55,530 - INFO - Dev Precision: 0.0706
2025-05-23 11:45:55,531 - INFO - Dev Classification Report:
2025-05-23 11:45:55,532 - INFO - {'finance': {'precision': 0.0, 'recall': 0.0, 'f1-score': 0.0, 'support': 1000.0}, 'realty': {'precision': 0.0, 'recall': 0.0, 'f1-score': 0.0, 'support': 1000.0}, 'stocks': {'precision': 0.0, 'recall': 0.0, 'f1-score': 0.0, 'support': 1000.0}, 'education': {'precision': 0.0, 'recall': 0.0, 'f1-score': 0.0, 'support': 1000.0}, 'science': {'precision': 0.0, 'recall': 0.0, 'f1-score': 0.0, 'support': 1000.0}, 'society': {'precision': 0.0, 'recall': 0.0, 'f1-score': 0.0, 'support': 1000.0}, 'politics': {'precision': 0.0, 'recall': 0.0, 'f1-score': 0.0, 'support': 1000.0}, 'sports': {'precision': 0.6073529411764705, 'recall': 0.826, 'f1-score': 0.7, 'support': 1000.0}, 'game': {'precision': 0.0, 'recall': 0.0, 'f1-score': 0.0, 'support': 1000.0}, 'entertainment': {'precision': 0.09895833333333333, 'recall': 0.855, 'f1-score': 0.17738589211618258, 'support': 1000.0}, 'accuracy': 0.1681, 'macro avg': {'precision': 0.0706311274509804, 'recall': 0.1681, 'f1-score': 0.08773858921161826, 'support': 10000.0}, 'weighted avg': {'precision': 0.07063112745098038, 'recall': 0.1681, 'f1-score': 0.08773858921161826, 'support': 10000.0}}
2025-05-23 11:46:01,620 - INFO - 软标签蒸馏验证 Soft Label Distillation Evaluating...
2025-05-23 11:46:07,773 - INFO - Step 70, Epoch 1/10
2025-05-23 11:46:07,775 - INFO - Step Duration: 0.60 seconds
2025-05-23 11:46:07,775 - INFO - Train Loss: 3.7505
2025-05-23 11:46:07,776 - INFO - Dev F1: 0.0792, Dev Accuracy: 0.1651
2025-05-23 11:46:07,776 - INFO - Dev Precision: 0.0572
2025-05-23 11:46:07,776 - INFO - Dev Classification Report:
2025-05-23 11:46:07,777 - INFO - {'finance': {'precision': 0.0, 'recall': 0.0, 'f1-score': 0.0, 'support': 1000.0}, 'realty': {'precision': 0.0, 'recall': 0.0, 'f1-score': 0.0, 'support': 1000.0}, 'stocks': {'precision': 0.0, 'recall': 0.0, 'f1-score': 0.0, 'support': 1000.0}, 'education': {'precision': 0.0, 'recall': 0.0, 'f1-score': 0.0, 'support': 1000.0}, 'science': {'precision': 0.0, 'recall': 0.0, 'f1-score': 0.0, 'support': 1000.0}, 'society': {'precision': 0.0, 'recall': 0.0, 'f1-score': 0.0, 'support': 1000.0}, 'politics': {'precision': 0.0, 'recall': 0.0, 'f1-score': 0.0, 'support': 1000.0}, 'sports': {'precision': 0.48075909330521877, 'recall': 0.912, 'f1-score': 0.6296168450120815, 'support': 1000.0}, 'game': {'precision': 0.0, 'recall': 0.0, 'f1-score': 0.0, 'support': 1000.0}, 'entertainment': {'precision': 0.09120078983092682, 'recall': 0.739, 'f1-score': 0.1623640558057783, 'support': 1000.0}, 'accuracy': 0.1651, 'macro avg': {'precision': 0.057195988313614554, 'recall': 0.1651, 'f1-score': 0.07919809008178598, 'support': 10000.0}, 'weighted avg': {'precision': 0.057195988313614554, 'recall': 0.1651, 'f1-score': 0.07919809008178598, 'support': 10000.0}}
2025-05-23 11:46:13,689 - INFO - 软标签蒸馏验证 Soft Label Distillation Evaluating...
2025-05-23 11:46:20,335 - INFO - Step 80, Epoch 1/10
2025-05-23 11:46:20,336 - INFO - Step Duration: 0.54 seconds
2025-05-23 11:46:20,337 - INFO - Train Loss: 3.7559
2025-05-23 11:46:20,337 - INFO - Dev F1: 0.0703, Dev Accuracy: 0.1512
2025-05-23 11:46:20,338 - INFO - Dev Precision: 0.0486
2025-05-23 11:46:20,338 - INFO - Dev Classification Report:
2025-05-23 11:46:20,339 - INFO - {'finance': {'precision': 0.0, 'recall': 0.0, 'f1-score': 0.0, 'support': 1000.0}, 'realty': {'precision': 0.0, 'recall': 0.0, 'f1-score': 0.0, 'support': 1000.0}, 'stocks': {'precision': 0.0, 'recall': 0.0, 'f1-score': 0.0, 'support': 1000.0}, 'education': {'precision': 0.0, 'recall': 0.0, 'f1-score': 0.0, 'support': 1000.0}, 'science': {'precision': 0.0, 'recall': 0.0, 'f1-score': 0.0, 'support': 1000.0}, 'society': {'precision': 0.0, 'recall': 0.0, 'f1-score': 0.0, 'support': 1000.0}, 'politics': {'precision': 0.0, 'recall': 0.0, 'f1-score': 0.0, 'support': 1000.0}, 'sports': {'precision': 0.41106719367588934, 'recall': 0.936, 'f1-score': 0.5712541959108941, 'support': 1000.0}, 'game': {'precision': 0.0, 'recall': 0.0, 'f1-score': 0.0, 'support': 1000.0}, 'entertainment': {'precision': 0.0745824161595235, 'recall': 0.576, 'f1-score': 0.1320646566548206, 'support': 1000.0}, 'accuracy': 0.1512, 'macro avg': {'precision': 0.04856496098354128, 'recall': 0.1512, 'f1-score': 0.07033188525657147, 'support': 10000.0}, 'weighted avg': {'precision': 0.04856496098354128, 'recall': 0.1512, 'f1-score': 0.07033188525657147, 'support': 10000.0}}
2025-05-23 11:46:26,467 - INFO - 软标签蒸馏验证 Soft Label Distillation Evaluating...
2025-05-23 11:46:33,257 - INFO - Step 90, Epoch 1/10
2025-05-23 11:46:33,258 - INFO - Step Duration: 0.78 seconds
2025-05-23 11:46:33,258 - INFO - Train Loss: 3.7576
2025-05-23 11:46:33,259 - INFO - Dev F1: 0.0673, Dev Accuracy: 0.1477
2025-05-23 11:46:33,260 - INFO - Dev Precision: 0.0458
2025-05-23 11:46:33,261 - INFO - Dev Classification Report:
2025-05-23 11:46:33,262 - INFO - {'finance': {'precision': 0.0, 'recall': 0.0, 'f1-score': 0.0, 'support': 1000.0}, 'realty': {'precision': 0.0, 'recall': 0.0, 'f1-score': 0.0, 'support': 1000.0}, 'stocks': {'precision': 0.0, 'recall': 0.0, 'f1-score': 0.0, 'support': 1000.0}, 'education': {'precision': 0.0, 'recall': 0.0, 'f1-score': 0.0, 'support': 1000.0}, 'science': {'precision': 0.0, 'recall': 0.0, 'f1-score': 0.0, 'support': 1000.0}, 'society': {'precision': 0.0, 'recall': 0.0, 'f1-score': 0.0, 'support': 1000.0}, 'politics': {'precision': 0.0, 'recall': 0.0, 'f1-score': 0.0, 'support': 1000.0}, 'sports': {'precision': 0.3868312757201646, 'recall': 0.94, 'f1-score': 0.5481049562682215, 'support': 1000.0}, 'game': {'precision': 0.0, 'recall': 0.0, 'f1-score': 0.0, 'support': 1000.0}, 'entertainment': {'precision': 0.07093791281373844, 'recall': 0.537, 'f1-score': 0.12532088681446907, 'support': 1000.0}, 'accuracy': 0.1477, 'macro avg': {'precision': 0.04577691885339031, 'recall': 0.1477, 'f1-score': 0.06734258430826906, 'support': 10000.0}, 'weighted avg': {'precision': 0.0457769188533903, 'recall': 0.1477, 'f1-score': 0.06734258430826906, 'support': 10000.0}}
2025-05-23 11:46:41,777 - INFO - 软标签蒸馏验证 Soft Label Distillation Evaluating...
2025-05-23 11:46:54,537 - INFO - Step 100, Epoch 1/10
2025-05-23 11:46:54,538 - INFO - Step Duration: 0.96 seconds
2025-05-23 11:46:54,539 - INFO - Train Loss: 3.7471
2025-05-23 11:46:54,540 - INFO - Dev F1: 0.0609, Dev Accuracy: 0.1409
2025-05-23 11:46:54,540 - INFO - Dev Precision: 0.0399
2025-05-23 11:46:54,541 - INFO - Dev Classification Report:
2025-05-23 11:46:54,542 - INFO - {'finance': {'precision': 0.0, 'recall': 0.0, 'f1-score': 0.0, 'support': 1000.0}, 'realty': {'precision': 0.0, 'recall': 0.0, 'f1-score': 0.0, 'support': 1000.0}, 'stocks': {'precision': 0.0, 'recall': 0.0, 'f1-score': 0.0, 'support': 1000.0}, 'education': {'precision': 0.0, 'recall': 0.0, 'f1-score': 0.0, 'support': 1000.0}, 'science': {'precision': 0.0, 'recall': 0.0, 'f1-score': 0.0, 'support': 1000.0}, 'society': {'precision': 0.0, 'recall': 0.0, 'f1-score': 0.0, 'support': 1000.0}, 'politics': {'precision': 0.0, 'recall': 0.0, 'f1-score': 0.0, 'support': 1000.0}, 'sports': {'precision': 0.3367132867132867, 'recall': 0.963, 'f1-score': 0.4989637305699482, 'support': 1000.0}, 'game': {'precision': 0.0, 'recall': 0.0, 'f1-score': 0.0, 'support': 1000.0}, 'entertainment': {'precision': 0.06246498599439776, 'recall': 0.446, 'f1-score': 0.10958230958230958, 'support': 1000.0}, 'accuracy': 0.1409, 'macro avg': {'precision': 0.039917827270768445, 'recall': 0.1409, 'f1-score': 0.06085460401522578, 'support': 10000.0}, 'weighted avg': {'precision': 0.039917827270768445, 'recall': 0.1409, 'f1-score': 0.06085460401522578, 'support': 10000.0}}
2025-05-23 11:47:04,135 - INFO - 软标签蒸馏验证 Soft Label Distillation Evaluating...
2025-05-23 11:47:19,411 - INFO - Step 110, Epoch 1/10
2025-05-23 11:47:19,412 - INFO - Step Duration: 1.23 seconds
2025-05-23 11:47:19,412 - INFO - Train Loss: 3.7347
2025-05-23 11:47:19,413 - INFO - Dev F1: 0.0651, Dev Accuracy: 0.1421
2025-05-23 11:47:19,414 - INFO - Dev Precision: 0.0533
2025-05-23 11:47:19,414 - INFO - Dev Classification Report:
2025-05-23 11:47:19,415 - INFO - {'finance': {'precision': 0.0, 'recall': 0.0, 'f1-score': 0.0, 'support': 1000.0}, 'realty': {'precision': 0.0, 'recall': 0.0, 'f1-score': 0.0, 'support': 1000.0}, 'stocks': {'precision': 0.0, 'recall': 0.0, 'f1-score': 0.0, 'support': 1000.0}, 'education': {'precision': 0.0, 'recall': 0.0, 'f1-score': 0.0, 'support': 1000.0}, 'science': {'precision': 0.15602836879432624, 'recall': 0.044, 'f1-score': 0.0686427457098284, 'support': 1000.0}, 'society': {'precision': 0.0, 'recall': 0.0, 'f1-score': 0.0, 'support': 1000.0}, 'politics': {'precision': 0.0, 'recall': 0.0, 'f1-score': 0.0, 'support': 1000.0}, 'sports': {'precision': 0.3152421189470263, 'recall': 0.97, 'f1-score': 0.4758400784890851, 'support': 1000.0}, 'game': {'precision': 0.0, 'recall': 0.0, 'f1-score': 0.0, 'support': 1000.0}, 'entertainment': {'precision': 0.06128595091100738, 'recall': 0.407, 'f1-score': 0.10653055882737862, 'support': 1000.0}, 'accuracy': 0.1421, 'macro avg': {'precision': 0.05325564386523599, 'recall': 0.1421, 'f1-score': 0.06510133830262921, 'support': 10000.0}, 'weighted avg': {'precision': 0.05325564386523599, 'recall': 0.1421, 'f1-score': 0.06510133830262921, 'support': 10000.0}}
2025-05-23 11:47:29,827 - INFO - 软标签蒸馏验证 Soft Label Distillation Evaluating...
2025-05-23 11:47:45,664 - INFO - Step 120, Epoch 1/10
2025-05-23 11:47:45,664 - INFO - Step Duration: 0.93 seconds
2025-05-23 11:47:45,665 - INFO - Train Loss: 3.7233
2025-05-23 11:47:45,666 - INFO - Dev F1: 0.0924, Dev Accuracy: 0.1738
2025-05-23 11:47:45,667 - INFO - Dev Precision: 0.0671
2025-05-23 11:47:45,667 - INFO - Dev Classification Report:
2025-05-23 11:47:45,668 - INFO - {'finance': {'precision': 0.0, 'recall': 0.0, 'f1-score': 0.0, 'support': 1000.0}, 'realty': {'precision': 0.0, 'recall': 0.0, 'f1-score': 0.0, 'support': 1000.0}, 'stocks': {'precision': 0.0, 'recall': 0.0, 'f1-score': 0.0, 'support': 1000.0}, 'education': {'precision': 0.0, 'recall': 0.0, 'f1-score': 0.0, 'support': 1000.0}, 'science': {'precision': 0.1759124087591241, 'recall': 0.241, 'f1-score': 0.20337552742616033, 'support': 1000.0}, 'society': {'precision': 0.0, 'recall': 0.0, 'f1-score': 0.0, 'support': 1000.0}, 'politics': {'precision': 0.0, 'recall': 0.0, 'f1-score': 0.0, 'support': 1000.0}, 'sports': {'precision': 0.4070373588184188, 'recall': 0.937, 'f1-score': 0.5675348273773471, 'support': 1000.0}, 'game': {'precision': 0.0, 'recall': 0.0, 'f1-score': 0.0, 'support': 1000.0}, 'entertainment': {'precision': 0.08849557522123894, 'recall': 0.56, 'f1-score': 0.15283842794759825, 'support': 1000.0}, 'accuracy': 0.1738, 'macro avg': {'precision': 0.06714453427987818, 'recall': 0.1738, 'f1-score': 0.09237487827511057, 'support': 10000.0}, 'weighted avg': {'precision': 0.06714453427987818, 'recall': 0.1738, 'f1-score': 0.09237487827511055, 'support': 10000.0}}
2025-05-23 11:47:58,772 - INFO - 软标签蒸馏验证 Soft Label Distillation Evaluating...
2025-05-23 11:48:13,003 - INFO - Step 130, Epoch 1/10
2025-05-23 11:48:13,005 - INFO - Step Duration: 1.20 seconds
2025-05-23 11:48:13,006 - INFO - Train Loss: 3.6985
2025-05-23 11:48:13,007 - INFO - Dev F1: 0.1115, Dev Accuracy: 0.2056
2025-05-23 11:48:13,007 - INFO - Dev Precision: 0.0815
2025-05-23 11:48:13,008 - INFO - Dev Classification Report:
2025-05-23 11:48:13,009 - INFO - {'finance': {'precision': 0.0, 'recall': 0.0, 'f1-score': 0.0, 'support': 1000.0}, 'realty': {'precision': 0.0, 'recall': 0.0, 'f1-score': 0.0, 'support': 1000.0}, 'stocks': {'precision': 0.0, 'recall': 0.0, 'f1-score': 0.0, 'support': 1000.0}, 'education': {'precision': 0.0, 'recall': 0.0, 'f1-score': 0.0, 'support': 1000.0}, 'science': {'precision': 0.16850934044986657, 'recall': 0.442, 'f1-score': 0.24399668782776704, 'support': 1000.0}, 'society': {'precision': 0.0, 'recall': 0.0, 'f1-score': 0.0, 'support': 1000.0}, 'politics': {'precision': 0.0, 'recall': 0.0, 'f1-score': 0.0, 'support': 1000.0}, 'sports': {'precision': 0.516489988221437, 'recall': 0.877, 'f1-score': 0.6501111934766494, 'support': 1000.0}, 'game': {'precision': 0.0, 'recall': 0.0, 'f1-score': 0.0, 'support': 1000.0}, 'entertainment': {'precision': 0.1297763690790632, 'recall': 0.737, 'f1-score': 0.2206917203174128, 'support': 1000.0}, 'accuracy': 0.2056, 'macro avg': {'precision': 0.08147756977503667, 'recall': 0.2056, 'f1-score': 0.11147996016218294, 'support': 10000.0}, 'weighted avg': {'precision': 0.08147756977503669, 'recall': 0.2056, 'f1-score': 0.11147996016218292, 'support': 10000.0}}
2025-05-23 11:48:23,678 - INFO - 软标签蒸馏验证 Soft Label Distillation Evaluating...
2025-05-23 11:48:38,689 - INFO - Step 140, Epoch 1/10
2025-05-23 11:48:38,690 - INFO - Step Duration: 0.98 seconds
2025-05-23 11:48:38,691 - INFO - Train Loss: 3.6747
2025-05-23 11:48:38,692 - INFO - Dev F1: 0.0867, Dev Accuracy: 0.1853
2025-05-23 11:48:38,693 - INFO - Dev Precision: 0.0566
2025-05-23 11:48:38,694 - INFO - Dev Classification Report:
2025-05-23 11:48:38,694 - INFO - {'finance': {'precision': 0.0, 'recall': 0.0, 'f1-score': 0.0, 'support': 1000.0}, 'realty': {'precision': 0.0, 'recall': 0.0, 'f1-score': 0.0, 'support': 1000.0}, 'stocks': {'precision': 0.0, 'recall': 0.0, 'f1-score': 0.0, 'support': 1000.0}, 'education': {'precision': 0.0, 'recall': 0.0, 'f1-score': 0.0, 'support': 1000.0}, 'science': {'precision': 0.1684848484848485, 'recall': 0.556, 'f1-score': 0.2586046511627907, 'support': 1000.0}, 'society': {'precision': 0.0, 'recall': 0.0, 'f1-score': 0.0, 'support': 1000.0}, 'politics': {'precision': 0.0, 'recall': 0.0, 'f1-score': 0.0, 'support': 1000.0}, 'sports': {'precision': 0.30571249215317015, 'recall': 0.974, 'f1-score': 0.46536072623029145, 'support': 1000.0}, 'game': {'precision': 0.0, 'recall': 0.0, 'f1-score': 0.0, 'support': 1000.0}, 'entertainment': {'precision': 0.0919442072302875, 'recall': 0.323, 'f1-score': 0.14314203412364282, 'support': 1000.0}, 'accuracy': 0.1853, 'macro avg': {'precision': 0.056614154786830614, 'recall': 0.1853, 'f1-score': 0.08671074115167249, 'support': 10000.0}, 'weighted avg': {'precision': 0.056614154786830614, 'recall': 0.1853, 'f1-score': 0.08671074115167249, 'support': 10000.0}}
2025-05-23 11:48:48,294 - INFO - 软标签蒸馏验证 Soft Label Distillation Evaluating...
2025-05-23 11:49:03,714 - INFO - Step 150, Epoch 1/10
2025-05-23 11:49:03,715 - INFO - Step Duration: 0.90 seconds
2025-05-23 11:49:03,715 - INFO - Train Loss: 3.6561
2025-05-23 11:49:03,716 - INFO - Dev F1: 0.1231, Dev Accuracy: 0.2307
2025-05-23 11:49:03,717 - INFO - Dev Precision: 0.1044
2025-05-23 11:49:03,718 - INFO - Dev Classification Report:
2025-05-23 11:49:03,719 - INFO - {'finance': {'precision': 0.0, 'recall': 0.0, 'f1-score': 0.0, 'support': 1000.0}, 'realty': {'precision': 0.0, 'recall': 0.0, 'f1-score': 0.0, 'support': 1000.0}, 'stocks': {'precision': 0.0, 'recall': 0.0, 'f1-score': 0.0, 'support': 1000.0}, 'education': {'precision': 0.0, 'recall': 0.0, 'f1-score': 0.0, 'support': 1000.0}, 'science': {'precision': 0.1557427573453873, 'recall': 0.758, 'f1-score': 0.25839440940855635, 'support': 1000.0}, 'society': {'precision': 0.18666666666666668, 'recall': 0.014, 'f1-score': 0.026046511627906978, 'support': 1000.0}, 'politics': {'precision': 0.0, 'recall': 0.0, 'f1-score': 0.0, 'support': 1000.0}, 'sports': {'precision': 0.5087521174477696, 'recall': 0.901, 'f1-score': 0.6503067484662577, 'support': 1000.0}, 'game': {'precision': 0.0, 'recall': 0.0, 'f1-score': 0.0, 'support': 1000.0}, 'entertainment': {'precision': 0.1929397443700548, 'recall': 0.634, 'f1-score': 0.2958469435370975, 'support': 1000.0}, 'accuracy': 0.2307, 'macro avg': {'precision': 0.10441012858298784, 'recall': 0.2307, 'f1-score': 0.12305946130398185, 'support': 10000.0}, 'weighted avg': {'precision': 0.10441012858298784, 'recall': 0.2307, 'f1-score': 0.12305946130398186, 'support': 10000.0}}
2025-05-23 11:49:12,592 - INFO - 软标签蒸馏验证 Soft Label Distillation Evaluating...
2025-05-23 11:49:17,260 - INFO - Step 160, Epoch 1/10
2025-05-23 11:49:17,261 - INFO - Step Duration: 0.50 seconds
2025-05-23 11:49:17,261 - INFO - Train Loss: 3.6386
2025-05-23 11:49:17,262 - INFO - Dev F1: 0.1358, Dev Accuracy: 0.2354
2025-05-23 11:49:17,262 - INFO - Dev Precision: 0.1284
2025-05-23 11:49:17,263 - INFO - Dev Classification Report:
2025-05-23 11:49:17,263 - INFO - {'finance': {'precision': 0.0, 'recall': 0.0, 'f1-score': 0.0, 'support': 1000.0}, 'realty': {'precision': 0.0, 'recall': 0.0, 'f1-score': 0.0, 'support': 1000.0}, 'stocks': {'precision': 0.0, 'recall': 0.0, 'f1-score': 0.0, 'support': 1000.0}, 'education': {'precision': 0.0, 'recall': 0.0, 'f1-score': 0.0, 'support': 1000.0}, 'science': {'precision': 0.1493601462522852, 'recall': 0.817, 'f1-score': 0.2525502318392581, 'support': 1000.0}, 'society': {'precision': 0.08421052631578947, 'recall': 0.008, 'f1-score': 0.014611872146118721, 'support': 1000.0}, 'politics': {'precision': 0.14285714285714285, 'recall': 0.009, 'f1-score': 0.016933207902163686, 'support': 1000.0}, 'sports': {'precision': 0.6757230499561788, 'recall': 0.771, 'f1-score': 0.7202241943017281, 'support': 1000.0}, 'game': {'precision': 0.0, 'recall': 0.0, 'f1-score': 0.0, 'support': 1000.0}, 'entertainment': {'precision': 0.23181677499226247, 'recall': 0.749, 'f1-score': 0.3540534152682581, 'support': 1000.0}, 'accuracy': 0.2354, 'macro avg': {'precision': 0.12839676403736586, 'recall': 0.2354, 'f1-score': 0.13583729214575269, 'support': 10000.0}, 'weighted avg': {'precision': 0.12839676403736586, 'recall': 0.2354, 'f1-score': 0.13583729214575266, 'support': 10000.0}}
